###############################################################################
#
# IAR ELF Linker V8.22.1.15669/W32 for ARM                09/Nov/2018  17:09:56
# Copyright 2007-2018 IAR Systems AB.
#
#    Output file  =  
#        C:\Users\Clyde W Phillips
#        Jr\Desktop\FISHv4th-OEM\STM32F407_Disco_Debug\Exe\FISH_STM32F205RC_STM_118mhz_v1.8-OEM.out
#    Map file     =  
#        C:\Users\Clyde W Phillips
#        Jr\Desktop\FISHv4th-OEM\STM32F407_Disco_Debug\List\FISH_STM32F205RC_STM_118mhz_v1.8-OEM.map
#    Command line =  
#        -f C:\Users\CLYDEW~1\AppData\Local\Temp\EWC6E6.tmp ("C:\Users\Clyde W
#        Phillips
#        Jr\Desktop\FISHv4th-OEM\STM32F407_Disco_Debug\Obj\FISH_STM32F4_IAR.o"
#        "C:\Users\Clyde W Phillips
#        Jr\Desktop\FISHv4th-OEM\STM32F407_Disco_Debug\Obj\main.o"
#        "C:\Users\Clyde W Phillips
#        Jr\Desktop\FISHv4th-OEM\STM32F407_Disco_Debug\Obj\startup_stm32f4xx.o"
#        -o "C:\Users\Clyde W Phillips
#        Jr\Desktop\FISHv4th-OEM\STM32F407_Disco_Debug\Exe\FISH_STM32F205RC_STM_118mhz_v1.8-OEM.out"
#        --redirect _Printf=_PrintfTiny --redirect _Scanf=_ScanfSmallNoMb --map
#        "C:\Users\Clyde W Phillips
#        Jr\Desktop\FISHv4th-OEM\STM32F407_Disco_Debug\List\FISH_STM32F205RC_STM_118mhz_v1.8-OEM.map"
#        --log initialization,modules,sections --log_file "C:\Users\Clyde W
#        Phillips
#        Jr\Desktop\FISHv4th-OEM\STM32F407_Disco_Debug\List\FISH_STM32F205RC_STM_118mhz_v1.8-OEM.log"
#        --config "C:\Users\Clyde W Phillips
#        Jr\Desktop\FISHv4th-OEM\stm32f407xG.icf" --no_entry --no_vfe
#        --text_out locale)
#
###############################################################################

*******************************************************************************
*** RUNTIME MODEL ATTRIBUTES
***

__SystemLibrary = DLib
__dlib_version  = 6


*******************************************************************************
*** HEAP SELECTION
***

The basic heap was selected because some modules are built with
size limitations (and not runtime checking), and --advanced_heap
was not specified.


*******************************************************************************
*** PLACEMENT SUMMARY
***

"A0":  place at 0x08000000 { ro section .intvec };
"P1":  place in [from 0x08000000 to 0x080fffff] { ro };
"P2":  place in [from 0x10000000 to 0x1000ffff] {
          section .tcm_pref_stacks_and_vars };
"P3":  place in [from 0x20000000 to 0x2000ffff] {
          section .sram_1rst_dict_stdio_bufs };
"P4":  place in [from 0x20010000 to 0x2001ffff] {
          section .sram_2nd_intvecs_unint };
define block CSTACK with size = 8K, alignment = 8 { };
define block HEAP with size = 8K, alignment = 8 { };
"A1":  place at end of [from 0x20010000 to 0x2001ffff] {
          block CSTACK, block HEAP };
do not initialize { rw, section .tcm_pref_stacks_and_vars };

  Section                 Kind        Address    Size  Object
  -------                 ----        -------    ----  ------
"A0":                                           0x188
  .intvec                 ro code  0x08000000   0x188  startup_stm32f4xx.o [1]
                                 - 0x08000188   0x188

"P1":                                          0x4558
  .text                   ro code  0x08000188  0x4394  FISH_STM32F4_IAR.o [1]
  .text                   ro code  0x0800451c    0x34  main.o [1]
  .text                   ro code  0x08004550    0x22  fpinit_M.o [3]
  .text                   ro code  0x08004574     0x4  startup_stm32f4xx.o [1]
  .text                   ro code  0x08004578     0x4  startup_stm32f4xx.o [1]
  .text                   ro code  0x0800457c     0x4  startup_stm32f4xx.o [1]
  .text                   ro code  0x08004580     0x4  startup_stm32f4xx.o [1]
  .text                   ro code  0x08004584     0x4  startup_stm32f4xx.o [1]
  .text                   ro code  0x08004588     0x4  startup_stm32f4xx.o [1]
  .text                   ro code  0x0800458c     0x4  startup_stm32f4xx.o [1]
  .text                   ro code  0x08004590     0x4  startup_stm32f4xx.o [1]
  .text                   ro code  0x08004594     0x4  startup_stm32f4xx.o [1]
  .text                   ro code  0x08004598     0x4  startup_stm32f4xx.o [1]
  .text                   ro code  0x0800459c     0x4  startup_stm32f4xx.o [1]
  .text                   ro code  0x080045a0     0x4  startup_stm32f4xx.o [1]
  .text                   ro code  0x080045a4     0x4  startup_stm32f4xx.o [1]
  .text                   ro code  0x080045a8     0x4  startup_stm32f4xx.o [1]
  .text                   ro code  0x080045ac     0x4  startup_stm32f4xx.o [1]
  .text                   ro code  0x080045b0     0x4  startup_stm32f4xx.o [1]
  .text                   ro code  0x080045b4     0x4  startup_stm32f4xx.o [1]
  .text                   ro code  0x080045b8     0x4  startup_stm32f4xx.o [1]
  .text                   ro code  0x080045bc     0x4  startup_stm32f4xx.o [1]
  .text                   ro code  0x080045c0     0x4  startup_stm32f4xx.o [1]
  .text                   ro code  0x080045c4     0x4  startup_stm32f4xx.o [1]
  .text                   ro code  0x080045c8     0x4  startup_stm32f4xx.o [1]
  .text                   ro code  0x080045cc     0x4  startup_stm32f4xx.o [1]
  .text                   ro code  0x080045d0     0x4  startup_stm32f4xx.o [1]
  .text                   ro code  0x080045d4     0x4  startup_stm32f4xx.o [1]
  .text                   ro code  0x080045d8     0x4  startup_stm32f4xx.o [1]
  .text                   ro code  0x080045dc     0x4  startup_stm32f4xx.o [1]
  .text                   ro code  0x080045e0     0x4  startup_stm32f4xx.o [1]
  .text                   ro code  0x080045e4     0x4  startup_stm32f4xx.o [1]
  .text                   ro code  0x080045e8     0x4  startup_stm32f4xx.o [1]
  .text                   ro code  0x080045ec     0x4  startup_stm32f4xx.o [1]
  .text                   ro code  0x080045f0     0x4  startup_stm32f4xx.o [1]
  .text                   ro code  0x080045f4     0x4  startup_stm32f4xx.o [1]
  .text                   ro code  0x080045f8     0x4  startup_stm32f4xx.o [1]
  .text                   ro code  0x080045fc     0x4  startup_stm32f4xx.o [1]
  .text                   ro code  0x08004600     0x4  startup_stm32f4xx.o [1]
  .text                   ro code  0x08004604     0x4  startup_stm32f4xx.o [1]
  .text                   ro code  0x08004608     0x4  startup_stm32f4xx.o [1]
  .text                   ro code  0x0800460c     0x4  startup_stm32f4xx.o [1]
  .text                   ro code  0x08004610     0x4  startup_stm32f4xx.o [1]
  .text                   ro code  0x08004614     0x4  startup_stm32f4xx.o [1]
  .text                   ro code  0x08004618     0x4  startup_stm32f4xx.o [1]
  .text                   ro code  0x0800461c     0x4  startup_stm32f4xx.o [1]
  .text                   ro code  0x08004620     0x4  startup_stm32f4xx.o [1]
  .text                   ro code  0x08004624     0x4  startup_stm32f4xx.o [1]
  .text                   ro code  0x08004628     0x4  startup_stm32f4xx.o [1]
  .text                   ro code  0x0800462c     0x4  startup_stm32f4xx.o [1]
  .text                   ro code  0x08004630     0x4  startup_stm32f4xx.o [1]
  .text                   ro code  0x08004634     0x4  startup_stm32f4xx.o [1]
  .text                   ro code  0x08004638     0x4  startup_stm32f4xx.o [1]
  .text                   ro code  0x0800463c     0x4  startup_stm32f4xx.o [1]
  .text                   ro code  0x08004640     0x4  startup_stm32f4xx.o [1]
  .text                   ro code  0x08004644     0x4  startup_stm32f4xx.o [1]
  .text                   ro code  0x08004648     0x4  startup_stm32f4xx.o [1]
  .text                   ro code  0x0800464c     0x4  startup_stm32f4xx.o [1]
  .text                   ro code  0x08004650     0x4  startup_stm32f4xx.o [1]
  .text                   ro code  0x08004654     0x4  startup_stm32f4xx.o [1]
  .text                   ro code  0x08004658     0x4  startup_stm32f4xx.o [1]
  .text                   ro code  0x0800465c     0x4  startup_stm32f4xx.o [1]
  .text                   ro code  0x08004660     0x4  startup_stm32f4xx.o [1]
  .text                   ro code  0x08004664     0x4  startup_stm32f4xx.o [1]
  .text                   ro code  0x08004668     0x4  startup_stm32f4xx.o [1]
  .text                   ro code  0x0800466c     0x4  startup_stm32f4xx.o [1]
  .text                   ro code  0x08004670     0x4  startup_stm32f4xx.o [1]
  .text                   ro code  0x08004674     0x4  startup_stm32f4xx.o [1]
  .text                   ro code  0x08004678     0x4  startup_stm32f4xx.o [1]
  .text                   ro code  0x0800467c     0x4  startup_stm32f4xx.o [1]
  .text                   ro code  0x08004680     0x4  startup_stm32f4xx.o [1]
  .text                   ro code  0x08004684     0x4  startup_stm32f4xx.o [1]
  .text                   ro code  0x08004688     0x4  startup_stm32f4xx.o [1]
  .text                   ro code  0x0800468c     0x4  startup_stm32f4xx.o [1]
  .text                   ro code  0x08004690     0x4  startup_stm32f4xx.o [1]
  .text                   ro code  0x08004694     0x4  startup_stm32f4xx.o [1]
  .text                   ro code  0x08004698     0x4  startup_stm32f4xx.o [1]
  .text                   ro code  0x0800469c     0x4  startup_stm32f4xx.o [1]
  .text                   ro code  0x080046a0     0x4  startup_stm32f4xx.o [1]
  .text                   ro code  0x080046a4     0x4  startup_stm32f4xx.o [1]
  .text                   ro code  0x080046a8     0x4  startup_stm32f4xx.o [1]
  .text                   ro code  0x080046ac     0x4  startup_stm32f4xx.o [1]
  .text                   ro code  0x080046b0     0x4  startup_stm32f4xx.o [1]
  .text                   ro code  0x080046b4     0x4  startup_stm32f4xx.o [1]
  .text                   ro code  0x080046b8     0x4  startup_stm32f4xx.o [1]
  .text                   ro code  0x080046bc     0x4  startup_stm32f4xx.o [1]
  .text                   ro code  0x080046c0     0x4  startup_stm32f4xx.o [1]
  .text                   ro code  0x080046c4     0x4  startup_stm32f4xx.o [1]
  .text                   ro code  0x080046c8     0x4  startup_stm32f4xx.o [1]
  .text                   ro code  0x080046cc     0x4  startup_stm32f4xx.o [1]
  .text                   ro code  0x080046d0     0x4  startup_stm32f4xx.o [1]
  .text                   ro code  0x080046d4     0x4  startup_stm32f4xx.o [1]
  .text                   ro code  0x080046d8     0x4  startup_stm32f4xx.o [1]
  .text                   ro code  0x080046dc     0x4  startup_stm32f4xx.o [1]
                                 - 0x080046e0  0x4558

"P2":                                           0x568
  .tcm_pref_stacks_and_vars
                          uninit   0x10000000   0x568  FISH_STM32F4_IAR.o [1]
                                 - 0x10000568   0x568

"P3":                                          0xff14
  .sram_1rst_dict_stdio_bufs
                          uninit   0x20000000  0xff14  FISH_STM32F4_IAR.o [1]
                                 - 0x2000ff14  0xff14

"P4":                                           0x208
  .sram_2nd_intvecs_unint
                          uninit   0x20010000   0x208  FISH_STM32F4_IAR.o [1]
                                 - 0x20010208   0x208

"A1":                                          0x2000
  CSTACK                           0x2001e000  0x2000  <Block>
    CSTACK                uninit   0x2001e000  0x2000  <Block tail>
                                 - 0x20020000  0x2000



*******************************************************************************
*** MODULE SUMMARY
***

    Module               ro code  rw data
    ------               -------  -------
C:\Users\Clyde W Phillips Jr\Desktop\FISHv4th-OEM\STM32F407_Disco_Debug\Obj: [1]
    FISH_STM32F4_IAR.o    17 300   67 204
    main.o                    52
    startup_stm32f4xx.o      756
    -------------------------------------
    Total:                18 108   67 204

command line: [2]
    -------------------------------------
    Total:

m7M_tls.a: [3]
    fpinit_M.o                34
    -------------------------------------
    Total:                    34

    Gaps                       2
    Linker created                  8 192
-----------------------------------------
    Grand Total:          18 144   75 396


*******************************************************************************
*** ENTRY LIST
***

Entry                      Address  Size  Type      Object
-----                      -------  ----  ----      ------
CSTACK$$Base            0x2001e000         --   Gb  - Linker created -
CSTACK$$Limit           0x20020000         --   Gb  - Linker created -
C_CMSIS_DISABLE_IRQS    0x08004541   0x4  Code  Gb  main.o [1]
C_CMSIS_ENABLE_IRQS     0x08004545   0x4  Code  Gb  main.o [1]
FMx_SYSTICK_ISR         0x08000dc5        Code  Gb  FISH_STM32F4_IAR.o [1]
HardFault_Handler       0x08004549   0x8  Code  Wk  main.o [1]
NVIC_SystemReset        0x0800451d  0x1a  Code  Lc  main.o [1]
STM32Fx_COLD_FISH       0x08000d51        Code  Gb  FISH_STM32F4_IAR.o [1]
__iar_init_vfp          0x08004551        Code  Gb  fpinit_M.o [3]
__iar_program_start     0x08000d51        Code  Gb  FISH_STM32F4_IAR.o [1]
__iar_systems$$module {Abs}
                        0x00000001        Data  Gb  command line/config [2]
__vector_table          0x08000000        Data  Gb  startup_stm32f4xx.o [1]


[1] = C:\Users\Clyde W Phillips Jr\Desktop\FISHv4th-OEM\STM32F407_Disco_Debug\Obj
[2] = command line
[3] = m7M_tls.a

  18 144 bytes of readonly  code memory
  75 396 bytes of readwrite data memory

Errors: none
Warnings: none
