###############################################################################
#
# IAR ELF Linker V8.22.1.15669/W32 for ARM                29/Apr/2018  12:07:14
# Copyright 2007-2018 IAR Systems AB.
#
#    Output file  =  
#        C:\Users\Clyde W Phillips
#        Jr\Desktop\FISHv4th-OEM\STM32F407_Disco_Debug\Exe\FISH_STM32F407_DISCO_Debug_ddmmyyyy_hhmmss.v1.7.2.out
#    Map file     =  
#        C:\Users\Clyde W Phillips
#        Jr\Desktop\FISHv4th-OEM\STM32F407_Disco_Debug\List\FISH_STM32F407_DISCO_Debug_ddmmyyyy_hhmmss.v1.7.2.map
#    Command line =  
#        -f C:\Users\CLYDEW~1\AppData\Local\Temp\EWBF88.tmp ("C:\Users\Clyde W
#        Phillips
#        Jr\Desktop\FISHv4th-OEM\STM32F407_Disco_Debug\Obj\FISH_STM32F4_IAR.o"
#        "C:\Users\Clyde W Phillips
#        Jr\Desktop\FISHv4th-OEM\STM32F407_Disco_Debug\Obj\main.o"
#        "C:\Users\Clyde W Phillips
#        Jr\Desktop\FISHv4th-OEM\STM32F407_Disco_Debug\Obj\startup_stm32f4xx.o"
#        -o "C:\Users\Clyde W Phillips
#        Jr\Desktop\FISHv4th-OEM\STM32F407_Disco_Debug\Exe\FISH_STM32F407_DISCO_Debug_ddmmyyyy_hhmmss.v1.7.2.out"
#        --redirect _Printf=_PrintfTiny --redirect _Scanf=_ScanfSmallNoMb --map
#        "C:\Users\Clyde W Phillips
#        Jr\Desktop\FISHv4th-OEM\STM32F407_Disco_Debug\List\FISH_STM32F407_DISCO_Debug_ddmmyyyy_hhmmss.v1.7.2.map"
#        --log initialization,modules,sections --log_file "C:\Users\Clyde W
#        Phillips
#        Jr\Desktop\FISHv4th-OEM\STM32F407_Disco_Debug\List\FISH_STM32F407_DISCO_Debug_ddmmyyyy_hhmmss.v1.7.2.log"
#        --config "C:\Users\Clyde W Phillips
#        Jr\Desktop\FISHv4th-OEM\stm32f407xG.icf" --no_entry --no_vfe
#        --text_out locale)
#
###############################################################################

*******************************************************************************
*** RUNTIME MODEL ATTRIBUTES
***

__SystemLibrary = DLib
__dlib_version  = 6


*******************************************************************************
*** HEAP SELECTION
***

The basic heap was selected because some modules are built with
size limitations (and not runtime checking), and --advanced_heap
was not specified.


*******************************************************************************
*** PLACEMENT SUMMARY
***

"A0":  place at 0x08000000 { ro section .intvec };
"P1":  place in [from 0x08000000 to 0x080fffff] { ro };
"P2":  place in [from 0x10000000 to 0x1000ffff] {
          section .tcm_pref_stacks_and_vars };
"P3":  place in [from 0x20000000 to 0x2000ffff] {
          section .sram_1rst_dict_stdio_bufs };
"P4":  place in [from 0x20010000 to 0x2001ffff] {
          section .sram_2nd_intvecs_unint };
define block CSTACK with size = 8K, alignment = 8 { };
define block HEAP with size = 8K, alignment = 8 { };
"A1":  place at end of [from 0x20010000 to 0x2001ffff] {
          block CSTACK, block HEAP };
do not initialize { rw, section .tcm_pref_stacks_and_vars };

  Section                 Kind        Address    Size  Object
  -------                 ----        -------    ----  ------
"A0":                                           0x188
  .intvec                 ro code  0x08000000   0x188  startup_stm32f4xx.o [1]
                                 - 0x08000188   0x188

"P1":                                          0x4398
  .text                   ro code  0x08000188  0x41d4  FISH_STM32F4_IAR.o [1]
  .text                   ro code  0x0800435c    0x34  main.o [1]
  .text                   ro code  0x08004390    0x22  fpinit_M.o [3]
  .text                   ro code  0x080043b4     0x4  startup_stm32f4xx.o [1]
  .text                   ro code  0x080043b8     0x4  startup_stm32f4xx.o [1]
  .text                   ro code  0x080043bc     0x4  startup_stm32f4xx.o [1]
  .text                   ro code  0x080043c0     0x4  startup_stm32f4xx.o [1]
  .text                   ro code  0x080043c4     0x4  startup_stm32f4xx.o [1]
  .text                   ro code  0x080043c8     0x4  startup_stm32f4xx.o [1]
  .text                   ro code  0x080043cc     0x4  startup_stm32f4xx.o [1]
  .text                   ro code  0x080043d0     0x4  startup_stm32f4xx.o [1]
  .text                   ro code  0x080043d4     0x4  startup_stm32f4xx.o [1]
  .text                   ro code  0x080043d8     0x4  startup_stm32f4xx.o [1]
  .text                   ro code  0x080043dc     0x4  startup_stm32f4xx.o [1]
  .text                   ro code  0x080043e0     0x4  startup_stm32f4xx.o [1]
  .text                   ro code  0x080043e4     0x4  startup_stm32f4xx.o [1]
  .text                   ro code  0x080043e8     0x4  startup_stm32f4xx.o [1]
  .text                   ro code  0x080043ec     0x4  startup_stm32f4xx.o [1]
  .text                   ro code  0x080043f0     0x4  startup_stm32f4xx.o [1]
  .text                   ro code  0x080043f4     0x4  startup_stm32f4xx.o [1]
  .text                   ro code  0x080043f8     0x4  startup_stm32f4xx.o [1]
  .text                   ro code  0x080043fc     0x4  startup_stm32f4xx.o [1]
  .text                   ro code  0x08004400     0x4  startup_stm32f4xx.o [1]
  .text                   ro code  0x08004404     0x4  startup_stm32f4xx.o [1]
  .text                   ro code  0x08004408     0x4  startup_stm32f4xx.o [1]
  .text                   ro code  0x0800440c     0x4  startup_stm32f4xx.o [1]
  .text                   ro code  0x08004410     0x4  startup_stm32f4xx.o [1]
  .text                   ro code  0x08004414     0x4  startup_stm32f4xx.o [1]
  .text                   ro code  0x08004418     0x4  startup_stm32f4xx.o [1]
  .text                   ro code  0x0800441c     0x4  startup_stm32f4xx.o [1]
  .text                   ro code  0x08004420     0x4  startup_stm32f4xx.o [1]
  .text                   ro code  0x08004424     0x4  startup_stm32f4xx.o [1]
  .text                   ro code  0x08004428     0x4  startup_stm32f4xx.o [1]
  .text                   ro code  0x0800442c     0x4  startup_stm32f4xx.o [1]
  .text                   ro code  0x08004430     0x4  startup_stm32f4xx.o [1]
  .text                   ro code  0x08004434     0x4  startup_stm32f4xx.o [1]
  .text                   ro code  0x08004438     0x4  startup_stm32f4xx.o [1]
  .text                   ro code  0x0800443c     0x4  startup_stm32f4xx.o [1]
  .text                   ro code  0x08004440     0x4  startup_stm32f4xx.o [1]
  .text                   ro code  0x08004444     0x4  startup_stm32f4xx.o [1]
  .text                   ro code  0x08004448     0x4  startup_stm32f4xx.o [1]
  .text                   ro code  0x0800444c     0x4  startup_stm32f4xx.o [1]
  .text                   ro code  0x08004450     0x4  startup_stm32f4xx.o [1]
  .text                   ro code  0x08004454     0x4  startup_stm32f4xx.o [1]
  .text                   ro code  0x08004458     0x4  startup_stm32f4xx.o [1]
  .text                   ro code  0x0800445c     0x4  startup_stm32f4xx.o [1]
  .text                   ro code  0x08004460     0x4  startup_stm32f4xx.o [1]
  .text                   ro code  0x08004464     0x4  startup_stm32f4xx.o [1]
  .text                   ro code  0x08004468     0x4  startup_stm32f4xx.o [1]
  .text                   ro code  0x0800446c     0x4  startup_stm32f4xx.o [1]
  .text                   ro code  0x08004470     0x4  startup_stm32f4xx.o [1]
  .text                   ro code  0x08004474     0x4  startup_stm32f4xx.o [1]
  .text                   ro code  0x08004478     0x4  startup_stm32f4xx.o [1]
  .text                   ro code  0x0800447c     0x4  startup_stm32f4xx.o [1]
  .text                   ro code  0x08004480     0x4  startup_stm32f4xx.o [1]
  .text                   ro code  0x08004484     0x4  startup_stm32f4xx.o [1]
  .text                   ro code  0x08004488     0x4  startup_stm32f4xx.o [1]
  .text                   ro code  0x0800448c     0x4  startup_stm32f4xx.o [1]
  .text                   ro code  0x08004490     0x4  startup_stm32f4xx.o [1]
  .text                   ro code  0x08004494     0x4  startup_stm32f4xx.o [1]
  .text                   ro code  0x08004498     0x4  startup_stm32f4xx.o [1]
  .text                   ro code  0x0800449c     0x4  startup_stm32f4xx.o [1]
  .text                   ro code  0x080044a0     0x4  startup_stm32f4xx.o [1]
  .text                   ro code  0x080044a4     0x4  startup_stm32f4xx.o [1]
  .text                   ro code  0x080044a8     0x4  startup_stm32f4xx.o [1]
  .text                   ro code  0x080044ac     0x4  startup_stm32f4xx.o [1]
  .text                   ro code  0x080044b0     0x4  startup_stm32f4xx.o [1]
  .text                   ro code  0x080044b4     0x4  startup_stm32f4xx.o [1]
  .text                   ro code  0x080044b8     0x4  startup_stm32f4xx.o [1]
  .text                   ro code  0x080044bc     0x4  startup_stm32f4xx.o [1]
  .text                   ro code  0x080044c0     0x4  startup_stm32f4xx.o [1]
  .text                   ro code  0x080044c4     0x4  startup_stm32f4xx.o [1]
  .text                   ro code  0x080044c8     0x4  startup_stm32f4xx.o [1]
  .text                   ro code  0x080044cc     0x4  startup_stm32f4xx.o [1]
  .text                   ro code  0x080044d0     0x4  startup_stm32f4xx.o [1]
  .text                   ro code  0x080044d4     0x4  startup_stm32f4xx.o [1]
  .text                   ro code  0x080044d8     0x4  startup_stm32f4xx.o [1]
  .text                   ro code  0x080044dc     0x4  startup_stm32f4xx.o [1]
  .text                   ro code  0x080044e0     0x4  startup_stm32f4xx.o [1]
  .text                   ro code  0x080044e4     0x4  startup_stm32f4xx.o [1]
  .text                   ro code  0x080044e8     0x4  startup_stm32f4xx.o [1]
  .text                   ro code  0x080044ec     0x4  startup_stm32f4xx.o [1]
  .text                   ro code  0x080044f0     0x4  startup_stm32f4xx.o [1]
  .text                   ro code  0x080044f4     0x4  startup_stm32f4xx.o [1]
  .text                   ro code  0x080044f8     0x4  startup_stm32f4xx.o [1]
  .text                   ro code  0x080044fc     0x4  startup_stm32f4xx.o [1]
  .text                   ro code  0x08004500     0x4  startup_stm32f4xx.o [1]
  .text                   ro code  0x08004504     0x4  startup_stm32f4xx.o [1]
  .text                   ro code  0x08004508     0x4  startup_stm32f4xx.o [1]
  .text                   ro code  0x0800450c     0x4  startup_stm32f4xx.o [1]
  .text                   ro code  0x08004510     0x4  startup_stm32f4xx.o [1]
  .text                   ro code  0x08004514     0x4  startup_stm32f4xx.o [1]
  .text                   ro code  0x08004518     0x4  startup_stm32f4xx.o [1]
  .text                   ro code  0x0800451c     0x4  startup_stm32f4xx.o [1]
                                 - 0x08004520  0x4398

"P2":                                           0x568
  .tcm_pref_stacks_and_vars
                          uninit   0x10000000   0x568  FISH_STM32F4_IAR.o [1]
                                 - 0x10000568   0x568

"P3":                                          0xff14
  .sram_1rst_dict_stdio_bufs
                          uninit   0x20000000  0xff14  FISH_STM32F4_IAR.o [1]
                                 - 0x2000ff14  0xff14

"P4":                                           0x208
  .sram_2nd_intvecs_unint
                          uninit   0x20010000   0x208  FISH_STM32F4_IAR.o [1]
                                 - 0x20010208   0x208

"A1":                                          0x2000
  CSTACK                           0x2001e000  0x2000  <Block>
    CSTACK                uninit   0x2001e000  0x2000  <Block tail>
                                 - 0x20020000  0x2000



*******************************************************************************
*** MODULE SUMMARY
***

    Module               ro code  rw data
    ------               -------  -------
C:\Users\Clyde W Phillips Jr\Desktop\FISHv4th-OEM\STM32F407_Disco_Debug\Obj: [1]
    FISH_STM32F4_IAR.o    16 852   67 204
    main.o                    52
    startup_stm32f4xx.o      756
    -------------------------------------
    Total:                17 660   67 204

command line: [2]
    -------------------------------------
    Total:

m7M_tls.a: [3]
    fpinit_M.o                34
    -------------------------------------
    Total:                    34

    Gaps                       2
    Linker created                  8 192
-----------------------------------------
    Grand Total:          17 696   75 396


*******************************************************************************
*** ENTRY LIST
***

Entry                      Address  Size  Type      Object
-----                      -------  ----  ----      ------
CSTACK$$Base            0x2001e000         --   Gb  - Linker created -
CSTACK$$Limit           0x20020000         --   Gb  - Linker created -
C_CMSIS_DISABLE_IRQS    0x08004381   0x4  Code  Gb  main.o [1]
C_CMSIS_ENABLE_IRQS     0x08004385   0x4  Code  Gb  main.o [1]
FMx_SYSTICK_ISR         0x08000d95        Code  Gb  FISH_STM32F4_IAR.o [1]
HardFault_Handler       0x08004389   0x8  Code  Wk  main.o [1]
NVIC_SystemReset        0x0800435d  0x1a  Code  Lc  main.o [1]
STM32Fx_COLD_FISH       0x08000d25        Code  Gb  FISH_STM32F4_IAR.o [1]
__iar_init_vfp          0x08004391        Code  Gb  fpinit_M.o [3]
__iar_program_start     0x08000d25        Code  Gb  FISH_STM32F4_IAR.o [1]
__iar_systems$$module {Abs}
                        0x00000001        Data  Gb  command line/config [2]
__vector_table          0x08000000        Data  Gb  startup_stm32f4xx.o [1]


[1] = C:\Users\Clyde W Phillips Jr\Desktop\FISHv4th-OEM\STM32F407_Disco_Debug\Obj
[2] = command line
[3] = m7M_tls.a

  17 696 bytes of readonly  code memory
  75 396 bytes of readwrite data memory

Errors: none
Warnings: none
