###############################################################################
#
# IAR ELF Linker V8.22.1.15669/W32 for ARM                30/Apr/2018  17:57:10
# Copyright 2007-2018 IAR Systems AB.
#
#    Output file  =  
#        C:\Users\Clyde W Phillips
#        Jr\Desktop\FISHv4th-OEM\STM32F407_Disco_Debug\Exe\FISH_STM32F407_DISCO_Debug_ddmmyyyy_hhmmss.v1.7.2.out
#    Map file     =  
#        C:\Users\Clyde W Phillips
#        Jr\Desktop\FISHv4th-OEM\STM32F407_Disco_Debug\List\FISH_STM32F407_DISCO_Debug_ddmmyyyy_hhmmss.v1.7.2.map
#    Command line =  
#        -f C:\Users\CLYDEW~1\AppData\Local\Temp\EW7A89.tmp ("C:\Users\Clyde W
#        Phillips
#        Jr\Desktop\FISHv4th-OEM\STM32F407_Disco_Debug\Obj\FISH_STM32F4_IAR.o"
#        "C:\Users\Clyde W Phillips
#        Jr\Desktop\FISHv4th-OEM\STM32F407_Disco_Debug\Obj\main.o"
#        "C:\Users\Clyde W Phillips
#        Jr\Desktop\FISHv4th-OEM\STM32F407_Disco_Debug\Obj\startup_stm32f4xx.o"
#        -o "C:\Users\Clyde W Phillips
#        Jr\Desktop\FISHv4th-OEM\STM32F407_Disco_Debug\Exe\FISH_STM32F407_DISCO_Debug_ddmmyyyy_hhmmss.v1.7.2.out"
#        --redirect _Printf=_PrintfTiny --redirect _Scanf=_ScanfSmallNoMb --map
#        "C:\Users\Clyde W Phillips
#        Jr\Desktop\FISHv4th-OEM\STM32F407_Disco_Debug\List\FISH_STM32F407_DISCO_Debug_ddmmyyyy_hhmmss.v1.7.2.map"
#        --log initialization,modules,sections --log_file "C:\Users\Clyde W
#        Phillips
#        Jr\Desktop\FISHv4th-OEM\STM32F407_Disco_Debug\List\FISH_STM32F407_DISCO_Debug_ddmmyyyy_hhmmss.v1.7.2.log"
#        --config "C:\Users\Clyde W Phillips
#        Jr\Desktop\FISHv4th-OEM\stm32f407xG.icf" --no_entry --no_vfe
#        --text_out locale)
#
###############################################################################

*******************************************************************************
*** RUNTIME MODEL ATTRIBUTES
***

__SystemLibrary = DLib
__dlib_version  = 6


*******************************************************************************
*** HEAP SELECTION
***

The basic heap was selected because some modules are built with
size limitations (and not runtime checking), and --advanced_heap
was not specified.


*******************************************************************************
*** PLACEMENT SUMMARY
***

"A0":  place at 0x08000000 { ro section .intvec };
"P1":  place in [from 0x08000000 to 0x080fffff] { ro };
"P2":  place in [from 0x10000000 to 0x1000ffff] {
          section .tcm_pref_stacks_and_vars };
"P3":  place in [from 0x20000000 to 0x2000ffff] {
          section .sram_1rst_dict_stdio_bufs };
"P4":  place in [from 0x20010000 to 0x2001ffff] {
          section .sram_2nd_intvecs_unint };
define block CSTACK with size = 8K, alignment = 8 { };
define block HEAP with size = 8K, alignment = 8 { };
"A1":  place at end of [from 0x20010000 to 0x2001ffff] {
          block CSTACK, block HEAP };
do not initialize { rw, section .tcm_pref_stacks_and_vars };

  Section                 Kind        Address    Size  Object
  -------                 ----        -------    ----  ------
"A0":                                           0x188
  .intvec                 ro code  0x08000000   0x188  startup_stm32f4xx.o [1]
                                 - 0x08000188   0x188

"P1":                                          0x445c
  .text                   ro code  0x08000188  0x4298  FISH_STM32F4_IAR.o [1]
  .text                   ro code  0x08004420    0x34  main.o [1]
  .text                   ro code  0x08004454    0x22  fpinit_M.o [3]
  .text                   ro code  0x08004478     0x4  startup_stm32f4xx.o [1]
  .text                   ro code  0x0800447c     0x4  startup_stm32f4xx.o [1]
  .text                   ro code  0x08004480     0x4  startup_stm32f4xx.o [1]
  .text                   ro code  0x08004484     0x4  startup_stm32f4xx.o [1]
  .text                   ro code  0x08004488     0x4  startup_stm32f4xx.o [1]
  .text                   ro code  0x0800448c     0x4  startup_stm32f4xx.o [1]
  .text                   ro code  0x08004490     0x4  startup_stm32f4xx.o [1]
  .text                   ro code  0x08004494     0x4  startup_stm32f4xx.o [1]
  .text                   ro code  0x08004498     0x4  startup_stm32f4xx.o [1]
  .text                   ro code  0x0800449c     0x4  startup_stm32f4xx.o [1]
  .text                   ro code  0x080044a0     0x4  startup_stm32f4xx.o [1]
  .text                   ro code  0x080044a4     0x4  startup_stm32f4xx.o [1]
  .text                   ro code  0x080044a8     0x4  startup_stm32f4xx.o [1]
  .text                   ro code  0x080044ac     0x4  startup_stm32f4xx.o [1]
  .text                   ro code  0x080044b0     0x4  startup_stm32f4xx.o [1]
  .text                   ro code  0x080044b4     0x4  startup_stm32f4xx.o [1]
  .text                   ro code  0x080044b8     0x4  startup_stm32f4xx.o [1]
  .text                   ro code  0x080044bc     0x4  startup_stm32f4xx.o [1]
  .text                   ro code  0x080044c0     0x4  startup_stm32f4xx.o [1]
  .text                   ro code  0x080044c4     0x4  startup_stm32f4xx.o [1]
  .text                   ro code  0x080044c8     0x4  startup_stm32f4xx.o [1]
  .text                   ro code  0x080044cc     0x4  startup_stm32f4xx.o [1]
  .text                   ro code  0x080044d0     0x4  startup_stm32f4xx.o [1]
  .text                   ro code  0x080044d4     0x4  startup_stm32f4xx.o [1]
  .text                   ro code  0x080044d8     0x4  startup_stm32f4xx.o [1]
  .text                   ro code  0x080044dc     0x4  startup_stm32f4xx.o [1]
  .text                   ro code  0x080044e0     0x4  startup_stm32f4xx.o [1]
  .text                   ro code  0x080044e4     0x4  startup_stm32f4xx.o [1]
  .text                   ro code  0x080044e8     0x4  startup_stm32f4xx.o [1]
  .text                   ro code  0x080044ec     0x4  startup_stm32f4xx.o [1]
  .text                   ro code  0x080044f0     0x4  startup_stm32f4xx.o [1]
  .text                   ro code  0x080044f4     0x4  startup_stm32f4xx.o [1]
  .text                   ro code  0x080044f8     0x4  startup_stm32f4xx.o [1]
  .text                   ro code  0x080044fc     0x4  startup_stm32f4xx.o [1]
  .text                   ro code  0x08004500     0x4  startup_stm32f4xx.o [1]
  .text                   ro code  0x08004504     0x4  startup_stm32f4xx.o [1]
  .text                   ro code  0x08004508     0x4  startup_stm32f4xx.o [1]
  .text                   ro code  0x0800450c     0x4  startup_stm32f4xx.o [1]
  .text                   ro code  0x08004510     0x4  startup_stm32f4xx.o [1]
  .text                   ro code  0x08004514     0x4  startup_stm32f4xx.o [1]
  .text                   ro code  0x08004518     0x4  startup_stm32f4xx.o [1]
  .text                   ro code  0x0800451c     0x4  startup_stm32f4xx.o [1]
  .text                   ro code  0x08004520     0x4  startup_stm32f4xx.o [1]
  .text                   ro code  0x08004524     0x4  startup_stm32f4xx.o [1]
  .text                   ro code  0x08004528     0x4  startup_stm32f4xx.o [1]
  .text                   ro code  0x0800452c     0x4  startup_stm32f4xx.o [1]
  .text                   ro code  0x08004530     0x4  startup_stm32f4xx.o [1]
  .text                   ro code  0x08004534     0x4  startup_stm32f4xx.o [1]
  .text                   ro code  0x08004538     0x4  startup_stm32f4xx.o [1]
  .text                   ro code  0x0800453c     0x4  startup_stm32f4xx.o [1]
  .text                   ro code  0x08004540     0x4  startup_stm32f4xx.o [1]
  .text                   ro code  0x08004544     0x4  startup_stm32f4xx.o [1]
  .text                   ro code  0x08004548     0x4  startup_stm32f4xx.o [1]
  .text                   ro code  0x0800454c     0x4  startup_stm32f4xx.o [1]
  .text                   ro code  0x08004550     0x4  startup_stm32f4xx.o [1]
  .text                   ro code  0x08004554     0x4  startup_stm32f4xx.o [1]
  .text                   ro code  0x08004558     0x4  startup_stm32f4xx.o [1]
  .text                   ro code  0x0800455c     0x4  startup_stm32f4xx.o [1]
  .text                   ro code  0x08004560     0x4  startup_stm32f4xx.o [1]
  .text                   ro code  0x08004564     0x4  startup_stm32f4xx.o [1]
  .text                   ro code  0x08004568     0x4  startup_stm32f4xx.o [1]
  .text                   ro code  0x0800456c     0x4  startup_stm32f4xx.o [1]
  .text                   ro code  0x08004570     0x4  startup_stm32f4xx.o [1]
  .text                   ro code  0x08004574     0x4  startup_stm32f4xx.o [1]
  .text                   ro code  0x08004578     0x4  startup_stm32f4xx.o [1]
  .text                   ro code  0x0800457c     0x4  startup_stm32f4xx.o [1]
  .text                   ro code  0x08004580     0x4  startup_stm32f4xx.o [1]
  .text                   ro code  0x08004584     0x4  startup_stm32f4xx.o [1]
  .text                   ro code  0x08004588     0x4  startup_stm32f4xx.o [1]
  .text                   ro code  0x0800458c     0x4  startup_stm32f4xx.o [1]
  .text                   ro code  0x08004590     0x4  startup_stm32f4xx.o [1]
  .text                   ro code  0x08004594     0x4  startup_stm32f4xx.o [1]
  .text                   ro code  0x08004598     0x4  startup_stm32f4xx.o [1]
  .text                   ro code  0x0800459c     0x4  startup_stm32f4xx.o [1]
  .text                   ro code  0x080045a0     0x4  startup_stm32f4xx.o [1]
  .text                   ro code  0x080045a4     0x4  startup_stm32f4xx.o [1]
  .text                   ro code  0x080045a8     0x4  startup_stm32f4xx.o [1]
  .text                   ro code  0x080045ac     0x4  startup_stm32f4xx.o [1]
  .text                   ro code  0x080045b0     0x4  startup_stm32f4xx.o [1]
  .text                   ro code  0x080045b4     0x4  startup_stm32f4xx.o [1]
  .text                   ro code  0x080045b8     0x4  startup_stm32f4xx.o [1]
  .text                   ro code  0x080045bc     0x4  startup_stm32f4xx.o [1]
  .text                   ro code  0x080045c0     0x4  startup_stm32f4xx.o [1]
  .text                   ro code  0x080045c4     0x4  startup_stm32f4xx.o [1]
  .text                   ro code  0x080045c8     0x4  startup_stm32f4xx.o [1]
  .text                   ro code  0x080045cc     0x4  startup_stm32f4xx.o [1]
  .text                   ro code  0x080045d0     0x4  startup_stm32f4xx.o [1]
  .text                   ro code  0x080045d4     0x4  startup_stm32f4xx.o [1]
  .text                   ro code  0x080045d8     0x4  startup_stm32f4xx.o [1]
  .text                   ro code  0x080045dc     0x4  startup_stm32f4xx.o [1]
  .text                   ro code  0x080045e0     0x4  startup_stm32f4xx.o [1]
                                 - 0x080045e4  0x445c

"P2":                                           0x568
  .tcm_pref_stacks_and_vars
                          uninit   0x10000000   0x568  FISH_STM32F4_IAR.o [1]
                                 - 0x10000568   0x568

"P3":                                          0xff14
  .sram_1rst_dict_stdio_bufs
                          uninit   0x20000000  0xff14  FISH_STM32F4_IAR.o [1]
                                 - 0x2000ff14  0xff14

"P4":                                           0x208
  .sram_2nd_intvecs_unint
                          uninit   0x20010000   0x208  FISH_STM32F4_IAR.o [1]
                                 - 0x20010208   0x208

"A1":                                          0x2000
  CSTACK                           0x2001e000  0x2000  <Block>
    CSTACK                uninit   0x2001e000  0x2000  <Block tail>
                                 - 0x20020000  0x2000



*******************************************************************************
*** MODULE SUMMARY
***

    Module               ro code  rw data
    ------               -------  -------
C:\Users\Clyde W Phillips Jr\Desktop\FISHv4th-OEM\STM32F407_Disco_Debug\Obj: [1]
    FISH_STM32F4_IAR.o    17 048   67 204
    main.o                    52
    startup_stm32f4xx.o      756
    -------------------------------------
    Total:                17 856   67 204

command line: [2]
    -------------------------------------
    Total:

m7M_tls.a: [3]
    fpinit_M.o                34
    -------------------------------------
    Total:                    34

    Gaps                       2
    Linker created                  8 192
-----------------------------------------
    Grand Total:          17 892   75 396


*******************************************************************************
*** ENTRY LIST
***

Entry                      Address  Size  Type      Object
-----                      -------  ----  ----      ------
CSTACK$$Base            0x2001e000         --   Gb  - Linker created -
CSTACK$$Limit           0x20020000         --   Gb  - Linker created -
C_CMSIS_DISABLE_IRQS    0x08004445   0x4  Code  Gb  main.o [1]
C_CMSIS_ENABLE_IRQS     0x08004449   0x4  Code  Gb  main.o [1]
FMx_SYSTICK_ISR         0x08000d99        Code  Gb  FISH_STM32F4_IAR.o [1]
HardFault_Handler       0x0800444d   0x8  Code  Wk  main.o [1]
NVIC_SystemReset        0x08004421  0x1a  Code  Lc  main.o [1]
STM32Fx_COLD_FISH       0x08000d25        Code  Gb  FISH_STM32F4_IAR.o [1]
__iar_init_vfp          0x08004455        Code  Gb  fpinit_M.o [3]
__iar_program_start     0x08000d25        Code  Gb  FISH_STM32F4_IAR.o [1]
__iar_systems$$module {Abs}
                        0x00000001        Data  Gb  command line/config [2]
__vector_table          0x08000000        Data  Gb  startup_stm32f4xx.o [1]


[1] = C:\Users\Clyde W Phillips Jr\Desktop\FISHv4th-OEM\STM32F407_Disco_Debug\Obj
[2] = command line
[3] = m7M_tls.a

  17 892 bytes of readonly  code memory
  75 396 bytes of readwrite data memory

Errors: none
Warnings: none
