###############################################################################
#
# IAR ELF Linker V8.22.1.15669/W32 for ARM                10/Nov/2018  20:49:09
# Copyright 2007-2018 IAR Systems AB.
#
#    Output file  =  
#        C:\Users\Clyde W Phillips Jr\Desktop\FISHv4th-OEM\FISHv4th 205
#        PSTAT\Exe\FISH_STM32F205RC_STM_118mhz_Debug_ddmmyyyy_hhmmss.v1.7.out
#    Map file     =  
#        C:\Users\Clyde W Phillips Jr\Desktop\FISHv4th-OEM\FISHv4th 205
#        PSTAT\List\FISH_STM32F205RC_STM_118mhz_Debug_ddmmyyyy_hhmmss.v1.7.map
#    Command line =  
#        -f C:\Users\CLYDEW~1\AppData\Local\Temp\EWDCB7.tmp ("C:\Users\Clyde W
#        Phillips Jr\Desktop\FISHv4th-OEM\FISHv4th 205
#        PSTAT\Obj\FISH_STM32F4_IAR.o" "C:\Users\Clyde W Phillips
#        Jr\Desktop\FISHv4th-OEM\FISHv4th 205 PSTAT\Obj\Fixes in versions
#        comments.o" "C:\Users\Clyde W Phillips
#        Jr\Desktop\FISHv4th-OEM\FISHv4th 205 PSTAT\Obj\main.o" "C:\Users\Clyde
#        W Phillips Jr\Desktop\FISHv4th-OEM\FISHv4th 205
#        PSTAT\Obj\startup_stm32f4xx.o" -o "C:\Users\Clyde W Phillips
#        Jr\Desktop\FISHv4th-OEM\FISHv4th 205
#        PSTAT\Exe\FISH_STM32F205RC_STM_118mhz_Debug_ddmmyyyy_hhmmss.v1.7.out"
#        --redirect _Printf=_PrintfFullNoMb --redirect _Scanf=_ScanfFullNoMb
#        --map "C:\Users\Clyde W Phillips Jr\Desktop\FISHv4th-OEM\FISHv4th 205
#        PSTAT\List\FISH_STM32F205RC_STM_118mhz_Debug_ddmmyyyy_hhmmss.v1.7.map"
#        --log initialization,modules,sections --log_file "C:\Users\Clyde W
#        Phillips Jr\Desktop\FISHv4th-OEM\FISHv4th 205
#        PSTAT\List\FISH_STM32F205RC_STM_118mhz_Debug_ddmmyyyy_hhmmss.v1.7.log"
#        --config "C:\Users\Clyde W Phillips
#        Jr\Desktop\FISHv4th-OEM\stm32F205RC.icf" --no_library_search
#        --no_entry --vfe --text_out locale)
#
###############################################################################

*******************************************************************************
*** RUNTIME MODEL ATTRIBUTES
***

__SystemLibrary = DLib
__dlib_version  = 6


*******************************************************************************
*** PLACEMENT SUMMARY
***

"A0":  place at 0x08000000 { ro section .intvec };
"P1":  place in [from 0x08000000 to 0x0803ffff] { ro };
"P2":  place in [from 0x20000000 to 0x2001bfff] {
          section .sram_1rst_dict_stdio_bufs };
"A1":  place at end of [from 0x20000000 to 0x2001bfff] {
          section .tcm_pref_stacks_and_vars };
"P3":  place in [from 0x2001c000 to 0x2001ffff] {
          section .sram_2nd_intvecs_unint };
define block CSTACK with size = 8K, alignment = 8 { };
define block HEAP with size = 8K, alignment = 8 { };
"A2":  place at end of [from 0x2001c000 to 0x2001ffff] {
          block CSTACK, block HEAP };
do not initialize {
   rw, section .sram_1rst_dict_stdio_bufs, section .sram_2nd_intvecs_unint,
   section .tcm_pref_stacks_and_vars };

  Section                 Kind        Address    Size  Object
  -------                 ----        -------    ----  ------
"A0":                                           0x188
  .intvec                 ro code  0x08000000   0x188  startup_stm32f4xx.o [1]
                                 - 0x08000188   0x188

"P1":                                          0x4460
  .text                   ro code  0x08000188  0x42c0  FISH_STM32F4_IAR.o [1]
  .text                   ro code  0x08004448    0x34  main.o [1]
  .text                   ro code  0x0800447c     0x4  startup_stm32f4xx.o [1]
  .text                   ro code  0x08004480     0x4  startup_stm32f4xx.o [1]
  .text                   ro code  0x08004484     0x4  startup_stm32f4xx.o [1]
  .text                   ro code  0x08004488     0x4  startup_stm32f4xx.o [1]
  .text                   ro code  0x0800448c     0x4  startup_stm32f4xx.o [1]
  .text                   ro code  0x08004490     0x4  startup_stm32f4xx.o [1]
  .text                   ro code  0x08004494     0x4  startup_stm32f4xx.o [1]
  .text                   ro code  0x08004498     0x4  startup_stm32f4xx.o [1]
  .text                   ro code  0x0800449c     0x4  startup_stm32f4xx.o [1]
  .text                   ro code  0x080044a0     0x4  startup_stm32f4xx.o [1]
  .text                   ro code  0x080044a4     0x4  startup_stm32f4xx.o [1]
  .text                   ro code  0x080044a8     0x4  startup_stm32f4xx.o [1]
  .text                   ro code  0x080044ac     0x4  startup_stm32f4xx.o [1]
  .text                   ro code  0x080044b0     0x4  startup_stm32f4xx.o [1]
  .text                   ro code  0x080044b4     0x4  startup_stm32f4xx.o [1]
  .text                   ro code  0x080044b8     0x4  startup_stm32f4xx.o [1]
  .text                   ro code  0x080044bc     0x4  startup_stm32f4xx.o [1]
  .text                   ro code  0x080044c0     0x4  startup_stm32f4xx.o [1]
  .text                   ro code  0x080044c4     0x4  startup_stm32f4xx.o [1]
  .text                   ro code  0x080044c8     0x4  startup_stm32f4xx.o [1]
  .text                   ro code  0x080044cc     0x4  startup_stm32f4xx.o [1]
  .text                   ro code  0x080044d0     0x4  startup_stm32f4xx.o [1]
  .text                   ro code  0x080044d4     0x4  startup_stm32f4xx.o [1]
  .text                   ro code  0x080044d8     0x4  startup_stm32f4xx.o [1]
  .text                   ro code  0x080044dc     0x4  startup_stm32f4xx.o [1]
  .text                   ro code  0x080044e0     0x4  startup_stm32f4xx.o [1]
  .text                   ro code  0x080044e4     0x4  startup_stm32f4xx.o [1]
  .text                   ro code  0x080044e8     0x4  startup_stm32f4xx.o [1]
  .text                   ro code  0x080044ec     0x4  startup_stm32f4xx.o [1]
  .text                   ro code  0x080044f0     0x4  startup_stm32f4xx.o [1]
  .text                   ro code  0x080044f4     0x4  startup_stm32f4xx.o [1]
  .text                   ro code  0x080044f8     0x4  startup_stm32f4xx.o [1]
  .text                   ro code  0x080044fc     0x4  startup_stm32f4xx.o [1]
  .text                   ro code  0x08004500     0x4  startup_stm32f4xx.o [1]
  .text                   ro code  0x08004504     0x4  startup_stm32f4xx.o [1]
  .text                   ro code  0x08004508     0x4  startup_stm32f4xx.o [1]
  .text                   ro code  0x0800450c     0x4  startup_stm32f4xx.o [1]
  .text                   ro code  0x08004510     0x4  startup_stm32f4xx.o [1]
  .text                   ro code  0x08004514     0x4  startup_stm32f4xx.o [1]
  .text                   ro code  0x08004518     0x4  startup_stm32f4xx.o [1]
  .text                   ro code  0x0800451c     0x4  startup_stm32f4xx.o [1]
  .text                   ro code  0x08004520     0x4  startup_stm32f4xx.o [1]
  .text                   ro code  0x08004524     0x4  startup_stm32f4xx.o [1]
  .text                   ro code  0x08004528     0x4  startup_stm32f4xx.o [1]
  .text                   ro code  0x0800452c     0x4  startup_stm32f4xx.o [1]
  .text                   ro code  0x08004530     0x4  startup_stm32f4xx.o [1]
  .text                   ro code  0x08004534     0x4  startup_stm32f4xx.o [1]
  .text                   ro code  0x08004538     0x4  startup_stm32f4xx.o [1]
  .text                   ro code  0x0800453c     0x4  startup_stm32f4xx.o [1]
  .text                   ro code  0x08004540     0x4  startup_stm32f4xx.o [1]
  .text                   ro code  0x08004544     0x4  startup_stm32f4xx.o [1]
  .text                   ro code  0x08004548     0x4  startup_stm32f4xx.o [1]
  .text                   ro code  0x0800454c     0x4  startup_stm32f4xx.o [1]
  .text                   ro code  0x08004550     0x4  startup_stm32f4xx.o [1]
  .text                   ro code  0x08004554     0x4  startup_stm32f4xx.o [1]
  .text                   ro code  0x08004558     0x4  startup_stm32f4xx.o [1]
  .text                   ro code  0x0800455c     0x4  startup_stm32f4xx.o [1]
  .text                   ro code  0x08004560     0x4  startup_stm32f4xx.o [1]
  .text                   ro code  0x08004564     0x4  startup_stm32f4xx.o [1]
  .text                   ro code  0x08004568     0x4  startup_stm32f4xx.o [1]
  .text                   ro code  0x0800456c     0x4  startup_stm32f4xx.o [1]
  .text                   ro code  0x08004570     0x4  startup_stm32f4xx.o [1]
  .text                   ro code  0x08004574     0x4  startup_stm32f4xx.o [1]
  .text                   ro code  0x08004578     0x4  startup_stm32f4xx.o [1]
  .text                   ro code  0x0800457c     0x4  startup_stm32f4xx.o [1]
  .text                   ro code  0x08004580     0x4  startup_stm32f4xx.o [1]
  .text                   ro code  0x08004584     0x4  startup_stm32f4xx.o [1]
  .text                   ro code  0x08004588     0x4  startup_stm32f4xx.o [1]
  .text                   ro code  0x0800458c     0x4  startup_stm32f4xx.o [1]
  .text                   ro code  0x08004590     0x4  startup_stm32f4xx.o [1]
  .text                   ro code  0x08004594     0x4  startup_stm32f4xx.o [1]
  .text                   ro code  0x08004598     0x4  startup_stm32f4xx.o [1]
  .text                   ro code  0x0800459c     0x4  startup_stm32f4xx.o [1]
  .text                   ro code  0x080045a0     0x4  startup_stm32f4xx.o [1]
  .text                   ro code  0x080045a4     0x4  startup_stm32f4xx.o [1]
  .text                   ro code  0x080045a8     0x4  startup_stm32f4xx.o [1]
  .text                   ro code  0x080045ac     0x4  startup_stm32f4xx.o [1]
  .text                   ro code  0x080045b0     0x4  startup_stm32f4xx.o [1]
  .text                   ro code  0x080045b4     0x4  startup_stm32f4xx.o [1]
  .text                   ro code  0x080045b8     0x4  startup_stm32f4xx.o [1]
  .text                   ro code  0x080045bc     0x4  startup_stm32f4xx.o [1]
  .text                   ro code  0x080045c0     0x4  startup_stm32f4xx.o [1]
  .text                   ro code  0x080045c4     0x4  startup_stm32f4xx.o [1]
  .text                   ro code  0x080045c8     0x4  startup_stm32f4xx.o [1]
  .text                   ro code  0x080045cc     0x4  startup_stm32f4xx.o [1]
  .text                   ro code  0x080045d0     0x4  startup_stm32f4xx.o [1]
  .text                   ro code  0x080045d4     0x4  startup_stm32f4xx.o [1]
  .text                   ro code  0x080045d8     0x4  startup_stm32f4xx.o [1]
  .text                   ro code  0x080045dc     0x4  startup_stm32f4xx.o [1]
  .text                   ro code  0x080045e0     0x4  startup_stm32f4xx.o [1]
  .text                   ro code  0x080045e4     0x4  startup_stm32f4xx.o [1]
                                 - 0x080045e8  0x4460

"P2":                                          0xff14
  .sram_1rst_dict_stdio_bufs
                          uninit   0x20000000  0xff14  FISH_STM32F4_IAR.o [1]
                                 - 0x2000ff14  0xff14

"A1":                                           0x568
  .tcm_pref_stacks_and_vars
                          uninit   0x2001ba98   0x568  FISH_STM32F4_IAR.o [1]
                                 - 0x2001c000   0x568

"P3":                                           0x208
  .sram_2nd_intvecs_unint
                          uninit   0x2001c000   0x208  FISH_STM32F4_IAR.o [1]
                                 - 0x2001c208   0x208

"A2":                                          0x2000
  CSTACK                           0x2001e000  0x2000  <Block>
    CSTACK                uninit   0x2001e000  0x2000  <Block tail>
                                 - 0x20020000  0x2000



*******************************************************************************
*** MODULE SUMMARY
***

    Module               ro code  rw data
    ------               -------  -------
C:\Users\Clyde W Phillips Jr\Desktop\FISHv4th-OEM\FISHv4th 205 PSTAT\Obj: [1]
    FISH_STM32F4_IAR.o    17 088   67 204
    main.o                    52
    startup_stm32f4xx.o      756
    -------------------------------------
    Total:                17 896   67 204

    Linker created                  8 192
-----------------------------------------
    Grand Total:          17 896   75 396


*******************************************************************************
*** ENTRY LIST
***

Entry                      Address  Size  Type      Object
-----                      -------  ----  ----      ------
CSTACK$$Base            0x2001e000         --   Gb  - Linker created -
CSTACK$$Limit           0x20020000         --   Gb  - Linker created -
C_CMSIS_DISABLE_IRQS    0x0800446d   0x4  Code  Gb  main.o [1]
C_CMSIS_ENABLE_IRQS     0x08004471   0x4  Code  Gb  main.o [1]
FMx_SYSTICK_ISR         0x08000dc1        Code  Gb  FISH_STM32F4_IAR.o [1]
HardFault_Handler       0x08004475   0x8  Code  Wk  main.o [1]
NVIC_SystemReset        0x08004449  0x1a  Code  Lc  main.o [1]
STM32Fx_COLD_FISH       0x08000d51        Code  Gb  FISH_STM32F4_IAR.o [1]
__iar_program_start     0x08000d51        Code  Gb  FISH_STM32F4_IAR.o [1]
__iar_systems$$module {Abs}
                        0x00000001        Data  Gb  command line/config [2]
__vector_table          0x08000000        Data  Gb  startup_stm32f4xx.o [1]


[1] = C:\Users\Clyde W Phillips Jr\Desktop\FISHv4th-OEM\FISHv4th 205 PSTAT\Obj
[2] = command line

  17 896 bytes of readonly  code memory
  75 396 bytes of readwrite data memory

Errors: none
Warnings: none
