###############################################################################
#
# IAR ELF Linker V8.22.1.15669/W32 for ARM                07/Nov/2018  17:11:11
# Copyright 2007-2018 IAR Systems AB.
#
#    Output file  =  
#        C:\Users\Clyde W Phillips Jr\Desktop\FISHv4th-OEM\FISHv4th 205
#        PSTAT\Exe\FISH_STM32F205RC_STM_118mhz_Debug_ddmmyyyy_hhmmss.v1.7.out
#    Map file     =  
#        C:\Users\Clyde W Phillips Jr\Desktop\FISHv4th-OEM\FISHv4th 205
#        PSTAT\List\FISH_STM32F205RC_STM_118mhz_Debug_ddmmyyyy_hhmmss.v1.7.map
#    Command line =  
#        -f C:\Users\CLYDEW~1\AppData\Local\Temp\EW38B7.tmp ("C:\Users\Clyde W
#        Phillips Jr\Desktop\FISHv4th-OEM\FISHv4th 205
#        PSTAT\Obj\FISH_STM32F4_IAR.o" "C:\Users\Clyde W Phillips
#        Jr\Desktop\FISHv4th-OEM\FISHv4th 205 PSTAT\Obj\Fixes in versions
#        comments.o" "C:\Users\Clyde W Phillips
#        Jr\Desktop\FISHv4th-OEM\FISHv4th 205 PSTAT\Obj\main.o" "C:\Users\Clyde
#        W Phillips Jr\Desktop\FISHv4th-OEM\FISHv4th 205
#        PSTAT\Obj\startup_stm32f4xx.o" -o "C:\Users\Clyde W Phillips
#        Jr\Desktop\FISHv4th-OEM\FISHv4th 205
#        PSTAT\Exe\FISH_STM32F205RC_STM_118mhz_Debug_ddmmyyyy_hhmmss.v1.7.out"
#        --redirect _Printf=_PrintfFullNoMb --redirect _Scanf=_ScanfFullNoMb
#        --map "C:\Users\Clyde W Phillips Jr\Desktop\FISHv4th-OEM\FISHv4th 205
#        PSTAT\List\FISH_STM32F205RC_STM_118mhz_Debug_ddmmyyyy_hhmmss.v1.7.map"
#        --log initialization,modules,sections --log_file "C:\Users\Clyde W
#        Phillips Jr\Desktop\FISHv4th-OEM\FISHv4th 205
#        PSTAT\List\FISH_STM32F205RC_STM_118mhz_Debug_ddmmyyyy_hhmmss.v1.7.log"
#        --config "C:\Users\Clyde W Phillips
#        Jr\Desktop\FISHv4th-OEM\stm32F205RC.icf" --no_library_search
#        --no_entry --vfe --text_out locale)
#
###############################################################################

*******************************************************************************
*** RUNTIME MODEL ATTRIBUTES
***

__SystemLibrary = DLib
__dlib_version  = 6


*******************************************************************************
*** PLACEMENT SUMMARY
***

"A0":  place at 0x08000000 { ro section .intvec };
"P1":  place in [from 0x08000000 to 0x0803ffff] { ro };
"P2":  place in [from 0x20000000 to 0x2001bfff] {
          section .sram_1rst_dict_stdio_bufs };
"A1":  place at end of [from 0x20000000 to 0x2001bfff] {
          section .tcm_pref_stacks_and_vars };
"P3":  place in [from 0x2001c000 to 0x2001ffff] {
          section .sram_2nd_intvecs_unint };
define block CSTACK with size = 8K, alignment = 8 { };
define block HEAP with size = 8K, alignment = 8 { };
"A2":  place at end of [from 0x2001c000 to 0x2001ffff] {
          block CSTACK, block HEAP };
do not initialize {
   rw, section .sram_1rst_dict_stdio_bufs, section .sram_2nd_intvecs_unint,
   section .tcm_pref_stacks_and_vars };

  Section                 Kind        Address    Size  Object
  -------                 ----        -------    ----  ------
"A0":                                           0x188
  .intvec                 ro code  0x08000000   0x188  startup_stm32f4xx.o [1]
                                 - 0x08000188   0x188

"P1":                                          0x4544
  .text                   ro code  0x08000188  0x43a4  FISH_STM32F4_IAR.o [1]
  .text                   ro code  0x0800452c    0x34  main.o [1]
  .text                   ro code  0x08004560     0x4  startup_stm32f4xx.o [1]
  .text                   ro code  0x08004564     0x4  startup_stm32f4xx.o [1]
  .text                   ro code  0x08004568     0x4  startup_stm32f4xx.o [1]
  .text                   ro code  0x0800456c     0x4  startup_stm32f4xx.o [1]
  .text                   ro code  0x08004570     0x4  startup_stm32f4xx.o [1]
  .text                   ro code  0x08004574     0x4  startup_stm32f4xx.o [1]
  .text                   ro code  0x08004578     0x4  startup_stm32f4xx.o [1]
  .text                   ro code  0x0800457c     0x4  startup_stm32f4xx.o [1]
  .text                   ro code  0x08004580     0x4  startup_stm32f4xx.o [1]
  .text                   ro code  0x08004584     0x4  startup_stm32f4xx.o [1]
  .text                   ro code  0x08004588     0x4  startup_stm32f4xx.o [1]
  .text                   ro code  0x0800458c     0x4  startup_stm32f4xx.o [1]
  .text                   ro code  0x08004590     0x4  startup_stm32f4xx.o [1]
  .text                   ro code  0x08004594     0x4  startup_stm32f4xx.o [1]
  .text                   ro code  0x08004598     0x4  startup_stm32f4xx.o [1]
  .text                   ro code  0x0800459c     0x4  startup_stm32f4xx.o [1]
  .text                   ro code  0x080045a0     0x4  startup_stm32f4xx.o [1]
  .text                   ro code  0x080045a4     0x4  startup_stm32f4xx.o [1]
  .text                   ro code  0x080045a8     0x4  startup_stm32f4xx.o [1]
  .text                   ro code  0x080045ac     0x4  startup_stm32f4xx.o [1]
  .text                   ro code  0x080045b0     0x4  startup_stm32f4xx.o [1]
  .text                   ro code  0x080045b4     0x4  startup_stm32f4xx.o [1]
  .text                   ro code  0x080045b8     0x4  startup_stm32f4xx.o [1]
  .text                   ro code  0x080045bc     0x4  startup_stm32f4xx.o [1]
  .text                   ro code  0x080045c0     0x4  startup_stm32f4xx.o [1]
  .text                   ro code  0x080045c4     0x4  startup_stm32f4xx.o [1]
  .text                   ro code  0x080045c8     0x4  startup_stm32f4xx.o [1]
  .text                   ro code  0x080045cc     0x4  startup_stm32f4xx.o [1]
  .text                   ro code  0x080045d0     0x4  startup_stm32f4xx.o [1]
  .text                   ro code  0x080045d4     0x4  startup_stm32f4xx.o [1]
  .text                   ro code  0x080045d8     0x4  startup_stm32f4xx.o [1]
  .text                   ro code  0x080045dc     0x4  startup_stm32f4xx.o [1]
  .text                   ro code  0x080045e0     0x4  startup_stm32f4xx.o [1]
  .text                   ro code  0x080045e4     0x4  startup_stm32f4xx.o [1]
  .text                   ro code  0x080045e8     0x4  startup_stm32f4xx.o [1]
  .text                   ro code  0x080045ec     0x4  startup_stm32f4xx.o [1]
  .text                   ro code  0x080045f0     0x4  startup_stm32f4xx.o [1]
  .text                   ro code  0x080045f4     0x4  startup_stm32f4xx.o [1]
  .text                   ro code  0x080045f8     0x4  startup_stm32f4xx.o [1]
  .text                   ro code  0x080045fc     0x4  startup_stm32f4xx.o [1]
  .text                   ro code  0x08004600     0x4  startup_stm32f4xx.o [1]
  .text                   ro code  0x08004604     0x4  startup_stm32f4xx.o [1]
  .text                   ro code  0x08004608     0x4  startup_stm32f4xx.o [1]
  .text                   ro code  0x0800460c     0x4  startup_stm32f4xx.o [1]
  .text                   ro code  0x08004610     0x4  startup_stm32f4xx.o [1]
  .text                   ro code  0x08004614     0x4  startup_stm32f4xx.o [1]
  .text                   ro code  0x08004618     0x4  startup_stm32f4xx.o [1]
  .text                   ro code  0x0800461c     0x4  startup_stm32f4xx.o [1]
  .text                   ro code  0x08004620     0x4  startup_stm32f4xx.o [1]
  .text                   ro code  0x08004624     0x4  startup_stm32f4xx.o [1]
  .text                   ro code  0x08004628     0x4  startup_stm32f4xx.o [1]
  .text                   ro code  0x0800462c     0x4  startup_stm32f4xx.o [1]
  .text                   ro code  0x08004630     0x4  startup_stm32f4xx.o [1]
  .text                   ro code  0x08004634     0x4  startup_stm32f4xx.o [1]
  .text                   ro code  0x08004638     0x4  startup_stm32f4xx.o [1]
  .text                   ro code  0x0800463c     0x4  startup_stm32f4xx.o [1]
  .text                   ro code  0x08004640     0x4  startup_stm32f4xx.o [1]
  .text                   ro code  0x08004644     0x4  startup_stm32f4xx.o [1]
  .text                   ro code  0x08004648     0x4  startup_stm32f4xx.o [1]
  .text                   ro code  0x0800464c     0x4  startup_stm32f4xx.o [1]
  .text                   ro code  0x08004650     0x4  startup_stm32f4xx.o [1]
  .text                   ro code  0x08004654     0x4  startup_stm32f4xx.o [1]
  .text                   ro code  0x08004658     0x4  startup_stm32f4xx.o [1]
  .text                   ro code  0x0800465c     0x4  startup_stm32f4xx.o [1]
  .text                   ro code  0x08004660     0x4  startup_stm32f4xx.o [1]
  .text                   ro code  0x08004664     0x4  startup_stm32f4xx.o [1]
  .text                   ro code  0x08004668     0x4  startup_stm32f4xx.o [1]
  .text                   ro code  0x0800466c     0x4  startup_stm32f4xx.o [1]
  .text                   ro code  0x08004670     0x4  startup_stm32f4xx.o [1]
  .text                   ro code  0x08004674     0x4  startup_stm32f4xx.o [1]
  .text                   ro code  0x08004678     0x4  startup_stm32f4xx.o [1]
  .text                   ro code  0x0800467c     0x4  startup_stm32f4xx.o [1]
  .text                   ro code  0x08004680     0x4  startup_stm32f4xx.o [1]
  .text                   ro code  0x08004684     0x4  startup_stm32f4xx.o [1]
  .text                   ro code  0x08004688     0x4  startup_stm32f4xx.o [1]
  .text                   ro code  0x0800468c     0x4  startup_stm32f4xx.o [1]
  .text                   ro code  0x08004690     0x4  startup_stm32f4xx.o [1]
  .text                   ro code  0x08004694     0x4  startup_stm32f4xx.o [1]
  .text                   ro code  0x08004698     0x4  startup_stm32f4xx.o [1]
  .text                   ro code  0x0800469c     0x4  startup_stm32f4xx.o [1]
  .text                   ro code  0x080046a0     0x4  startup_stm32f4xx.o [1]
  .text                   ro code  0x080046a4     0x4  startup_stm32f4xx.o [1]
  .text                   ro code  0x080046a8     0x4  startup_stm32f4xx.o [1]
  .text                   ro code  0x080046ac     0x4  startup_stm32f4xx.o [1]
  .text                   ro code  0x080046b0     0x4  startup_stm32f4xx.o [1]
  .text                   ro code  0x080046b4     0x4  startup_stm32f4xx.o [1]
  .text                   ro code  0x080046b8     0x4  startup_stm32f4xx.o [1]
  .text                   ro code  0x080046bc     0x4  startup_stm32f4xx.o [1]
  .text                   ro code  0x080046c0     0x4  startup_stm32f4xx.o [1]
  .text                   ro code  0x080046c4     0x4  startup_stm32f4xx.o [1]
  .text                   ro code  0x080046c8     0x4  startup_stm32f4xx.o [1]
                                 - 0x080046cc  0x4544

"P2":                                          0xff14
  .sram_1rst_dict_stdio_bufs
                          uninit   0x20000000  0xff14  FISH_STM32F4_IAR.o [1]
                                 - 0x2000ff14  0xff14

"A1":                                           0x568
  .tcm_pref_stacks_and_vars
                          uninit   0x2001ba98   0x568  FISH_STM32F4_IAR.o [1]
                                 - 0x2001c000   0x568

"P3":                                           0x208
  .sram_2nd_intvecs_unint
                          uninit   0x2001c000   0x208  FISH_STM32F4_IAR.o [1]
                                 - 0x2001c208   0x208

"A2":                                          0x2000
  CSTACK                           0x2001e000  0x2000  <Block>
    CSTACK                uninit   0x2001e000  0x2000  <Block tail>
                                 - 0x20020000  0x2000



*******************************************************************************
*** MODULE SUMMARY
***

    Module               ro code  rw data
    ------               -------  -------
C:\Users\Clyde W Phillips Jr\Desktop\FISHv4th-OEM\FISHv4th 205 PSTAT\Obj: [1]
    FISH_STM32F4_IAR.o    17 316   67 204
    main.o                    52
    startup_stm32f4xx.o      756
    -------------------------------------
    Total:                18 124   67 204

    Linker created                  8 192
-----------------------------------------
    Grand Total:          18 124   75 396


*******************************************************************************
*** ENTRY LIST
***

Entry                      Address  Size  Type      Object
-----                      -------  ----  ----      ------
CSTACK$$Base            0x2001e000         --   Gb  - Linker created -
CSTACK$$Limit           0x20020000         --   Gb  - Linker created -
C_CMSIS_DISABLE_IRQS    0x08004551   0x4  Code  Gb  main.o [1]
C_CMSIS_ENABLE_IRQS     0x08004555   0x4  Code  Gb  main.o [1]
FMx_SYSTICK_ISR         0x08000dc5        Code  Gb  FISH_STM32F4_IAR.o [1]
HardFault_Handler       0x08004559   0x8  Code  Wk  main.o [1]
NVIC_SystemReset        0x0800452d  0x1a  Code  Lc  main.o [1]
STM32Fx_COLD_FISH       0x08000d51        Code  Gb  FISH_STM32F4_IAR.o [1]
__iar_program_start     0x08000d51        Code  Gb  FISH_STM32F4_IAR.o [1]
__iar_systems$$module {Abs}
                        0x00000001        Data  Gb  command line/config [2]
__vector_table          0x08000000        Data  Gb  startup_stm32f4xx.o [1]


[1] = C:\Users\Clyde W Phillips Jr\Desktop\FISHv4th-OEM\FISHv4th 205 PSTAT\Obj
[2] = command line

  18 124 bytes of readonly  code memory
  75 396 bytes of readwrite data memory

Errors: none
Warnings: none
