###############################################################################
#
# IAR ELF Linker V8.22.1.15669/W32 for ARM                14/Feb/2019  19:51:11
# Copyright 2007-2018 IAR Systems AB.
#
#    Output file  =  
#        C:\Users\Clyde W Phillips Jr\Desktop\FISHv4th-OEM\FISHv4th 205
#        PSTAT\Exe\FISH_STM32F205RC_STM_118mhz_FISHv4th-OEM.out
#    Map file     =  
#        C:\Users\Clyde W Phillips Jr\Desktop\FISHv4th-OEM\FISHv4th 205
#        PSTAT\List\FISH_STM32F205RC_STM_118mhz_FISHv4th-OEM.map
#    Command line =  
#        -f C:\Users\CLYDEW~1\AppData\Local\Temp\EWB945.tmp ("C:\Users\Clyde W
#        Phillips Jr\Desktop\FISHv4th-OEM\FISHv4th 205
#        PSTAT\Obj\FISH_STM32F4_IAR.o" "C:\Users\Clyde W Phillips
#        Jr\Desktop\FISHv4th-OEM\FISHv4th 205 PSTAT\Obj\main.o" "C:\Users\Clyde
#        W Phillips Jr\Desktop\FISHv4th-OEM\FISHv4th 205
#        PSTAT\Obj\startup_stm32f4xx.o" -o "C:\Users\Clyde W Phillips
#        Jr\Desktop\FISHv4th-OEM\FISHv4th 205
#        PSTAT\Exe\FISH_STM32F205RC_STM_118mhz_FISHv4th-OEM.out" --redirect
#        _Printf=_PrintfFullNoMb --redirect _Scanf=_ScanfFullNoMb --map
#        "C:\Users\Clyde W Phillips Jr\Desktop\FISHv4th-OEM\FISHv4th 205
#        PSTAT\List\FISH_STM32F205RC_STM_118mhz_FISHv4th-OEM.map" --log
#        initialization,modules,sections --log_file "C:\Users\Clyde W Phillips
#        Jr\Desktop\FISHv4th-OEM\FISHv4th 205
#        PSTAT\List\FISH_STM32F205RC_STM_118mhz_FISHv4th-OEM.log" --config
#        "C:\Users\Clyde W Phillips Jr\Desktop\FISHv4th-OEM\stm32F205RC.icf"
#        --no_library_search --no_entry --vfe --text_out locale)
#
###############################################################################

*******************************************************************************
*** RUNTIME MODEL ATTRIBUTES
***

__SystemLibrary = DLib
__dlib_version  = 6


*******************************************************************************
*** PLACEMENT SUMMARY
***

"A0":  place at 0x08000000 { ro section .intvec };
"P1":  place in [from 0x08000000 to 0x0803ffff] { ro };
"P2":  place in [from 0x20000000 to 0x2001bfff] {
          section .sram_1rst_dict_stdio_bufs };
"A1":  place at end of [from 0x20000000 to 0x2001bfff] {
          section .tcm_pref_stacks_and_vars };
"P3":  place in [from 0x2001c000 to 0x2001ffff] {
          section .sram_2nd_intvecs_unint };
define block CSTACK with size = 8K, alignment = 8 { };
define block HEAP with size = 8K, alignment = 8 { };
"A2":  place at end of [from 0x2001c000 to 0x2001ffff] {
          block CSTACK, block HEAP };
do not initialize {
   rw, section .sram_1rst_dict_stdio_bufs, section .sram_2nd_intvecs_unint,
   section .tcm_pref_stacks_and_vars };

  Section                 Kind        Address    Size  Object
  -------                 ----        -------    ----  ------
"A0":                                           0x188
  .intvec                 ro code  0x08000000   0x188  startup_stm32f4xx.o [1]
                                 - 0x08000188   0x188

"P1":                                          0x4ae8
  .text                   ro code  0x08000188  0x4948  FISH_STM32F4_IAR.o [1]
  .text                   ro code  0x08004ad0    0x34  main.o [1]
  .text                   ro code  0x08004b04     0x4  startup_stm32f4xx.o [1]
  .text                   ro code  0x08004b08     0x4  startup_stm32f4xx.o [1]
  .text                   ro code  0x08004b0c     0x4  startup_stm32f4xx.o [1]
  .text                   ro code  0x08004b10     0x4  startup_stm32f4xx.o [1]
  .text                   ro code  0x08004b14     0x4  startup_stm32f4xx.o [1]
  .text                   ro code  0x08004b18     0x4  startup_stm32f4xx.o [1]
  .text                   ro code  0x08004b1c     0x4  startup_stm32f4xx.o [1]
  .text                   ro code  0x08004b20     0x4  startup_stm32f4xx.o [1]
  .text                   ro code  0x08004b24     0x4  startup_stm32f4xx.o [1]
  .text                   ro code  0x08004b28     0x4  startup_stm32f4xx.o [1]
  .text                   ro code  0x08004b2c     0x4  startup_stm32f4xx.o [1]
  .text                   ro code  0x08004b30     0x4  startup_stm32f4xx.o [1]
  .text                   ro code  0x08004b34     0x4  startup_stm32f4xx.o [1]
  .text                   ro code  0x08004b38     0x4  startup_stm32f4xx.o [1]
  .text                   ro code  0x08004b3c     0x4  startup_stm32f4xx.o [1]
  .text                   ro code  0x08004b40     0x4  startup_stm32f4xx.o [1]
  .text                   ro code  0x08004b44     0x4  startup_stm32f4xx.o [1]
  .text                   ro code  0x08004b48     0x4  startup_stm32f4xx.o [1]
  .text                   ro code  0x08004b4c     0x4  startup_stm32f4xx.o [1]
  .text                   ro code  0x08004b50     0x4  startup_stm32f4xx.o [1]
  .text                   ro code  0x08004b54     0x4  startup_stm32f4xx.o [1]
  .text                   ro code  0x08004b58     0x4  startup_stm32f4xx.o [1]
  .text                   ro code  0x08004b5c     0x4  startup_stm32f4xx.o [1]
  .text                   ro code  0x08004b60     0x4  startup_stm32f4xx.o [1]
  .text                   ro code  0x08004b64     0x4  startup_stm32f4xx.o [1]
  .text                   ro code  0x08004b68     0x4  startup_stm32f4xx.o [1]
  .text                   ro code  0x08004b6c     0x4  startup_stm32f4xx.o [1]
  .text                   ro code  0x08004b70     0x4  startup_stm32f4xx.o [1]
  .text                   ro code  0x08004b74     0x4  startup_stm32f4xx.o [1]
  .text                   ro code  0x08004b78     0x4  startup_stm32f4xx.o [1]
  .text                   ro code  0x08004b7c     0x4  startup_stm32f4xx.o [1]
  .text                   ro code  0x08004b80     0x4  startup_stm32f4xx.o [1]
  .text                   ro code  0x08004b84     0x4  startup_stm32f4xx.o [1]
  .text                   ro code  0x08004b88     0x4  startup_stm32f4xx.o [1]
  .text                   ro code  0x08004b8c     0x4  startup_stm32f4xx.o [1]
  .text                   ro code  0x08004b90     0x4  startup_stm32f4xx.o [1]
  .text                   ro code  0x08004b94     0x4  startup_stm32f4xx.o [1]
  .text                   ro code  0x08004b98     0x4  startup_stm32f4xx.o [1]
  .text                   ro code  0x08004b9c     0x4  startup_stm32f4xx.o [1]
  .text                   ro code  0x08004ba0     0x4  startup_stm32f4xx.o [1]
  .text                   ro code  0x08004ba4     0x4  startup_stm32f4xx.o [1]
  .text                   ro code  0x08004ba8     0x4  startup_stm32f4xx.o [1]
  .text                   ro code  0x08004bac     0x4  startup_stm32f4xx.o [1]
  .text                   ro code  0x08004bb0     0x4  startup_stm32f4xx.o [1]
  .text                   ro code  0x08004bb4     0x4  startup_stm32f4xx.o [1]
  .text                   ro code  0x08004bb8     0x4  startup_stm32f4xx.o [1]
  .text                   ro code  0x08004bbc     0x4  startup_stm32f4xx.o [1]
  .text                   ro code  0x08004bc0     0x4  startup_stm32f4xx.o [1]
  .text                   ro code  0x08004bc4     0x4  startup_stm32f4xx.o [1]
  .text                   ro code  0x08004bc8     0x4  startup_stm32f4xx.o [1]
  .text                   ro code  0x08004bcc     0x4  startup_stm32f4xx.o [1]
  .text                   ro code  0x08004bd0     0x4  startup_stm32f4xx.o [1]
  .text                   ro code  0x08004bd4     0x4  startup_stm32f4xx.o [1]
  .text                   ro code  0x08004bd8     0x4  startup_stm32f4xx.o [1]
  .text                   ro code  0x08004bdc     0x4  startup_stm32f4xx.o [1]
  .text                   ro code  0x08004be0     0x4  startup_stm32f4xx.o [1]
  .text                   ro code  0x08004be4     0x4  startup_stm32f4xx.o [1]
  .text                   ro code  0x08004be8     0x4  startup_stm32f4xx.o [1]
  .text                   ro code  0x08004bec     0x4  startup_stm32f4xx.o [1]
  .text                   ro code  0x08004bf0     0x4  startup_stm32f4xx.o [1]
  .text                   ro code  0x08004bf4     0x4  startup_stm32f4xx.o [1]
  .text                   ro code  0x08004bf8     0x4  startup_stm32f4xx.o [1]
  .text                   ro code  0x08004bfc     0x4  startup_stm32f4xx.o [1]
  .text                   ro code  0x08004c00     0x4  startup_stm32f4xx.o [1]
  .text                   ro code  0x08004c04     0x4  startup_stm32f4xx.o [1]
  .text                   ro code  0x08004c08     0x4  startup_stm32f4xx.o [1]
  .text                   ro code  0x08004c0c     0x4  startup_stm32f4xx.o [1]
  .text                   ro code  0x08004c10     0x4  startup_stm32f4xx.o [1]
  .text                   ro code  0x08004c14     0x4  startup_stm32f4xx.o [1]
  .text                   ro code  0x08004c18     0x4  startup_stm32f4xx.o [1]
  .text                   ro code  0x08004c1c     0x4  startup_stm32f4xx.o [1]
  .text                   ro code  0x08004c20     0x4  startup_stm32f4xx.o [1]
  .text                   ro code  0x08004c24     0x4  startup_stm32f4xx.o [1]
  .text                   ro code  0x08004c28     0x4  startup_stm32f4xx.o [1]
  .text                   ro code  0x08004c2c     0x4  startup_stm32f4xx.o [1]
  .text                   ro code  0x08004c30     0x4  startup_stm32f4xx.o [1]
  .text                   ro code  0x08004c34     0x4  startup_stm32f4xx.o [1]
  .text                   ro code  0x08004c38     0x4  startup_stm32f4xx.o [1]
  .text                   ro code  0x08004c3c     0x4  startup_stm32f4xx.o [1]
  .text                   ro code  0x08004c40     0x4  startup_stm32f4xx.o [1]
  .text                   ro code  0x08004c44     0x4  startup_stm32f4xx.o [1]
  .text                   ro code  0x08004c48     0x4  startup_stm32f4xx.o [1]
  .text                   ro code  0x08004c4c     0x4  startup_stm32f4xx.o [1]
  .text                   ro code  0x08004c50     0x4  startup_stm32f4xx.o [1]
  .text                   ro code  0x08004c54     0x4  startup_stm32f4xx.o [1]
  .text                   ro code  0x08004c58     0x4  startup_stm32f4xx.o [1]
  .text                   ro code  0x08004c5c     0x4  startup_stm32f4xx.o [1]
  .text                   ro code  0x08004c60     0x4  startup_stm32f4xx.o [1]
  .text                   ro code  0x08004c64     0x4  startup_stm32f4xx.o [1]
  .text                   ro code  0x08004c68     0x4  startup_stm32f4xx.o [1]
  .text                   ro code  0x08004c6c     0x4  startup_stm32f4xx.o [1]
                                 - 0x08004c70  0x4ae8

"P2":                                          0xff18
  .sram_1rst_dict_stdio_bufs
                          uninit   0x20000000  0xff18  FISH_STM32F4_IAR.o [1]
                                 - 0x2000ff18  0xff18

"A1":                                           0x568
  .tcm_pref_stacks_and_vars
                          uninit   0x2001ba98   0x568  FISH_STM32F4_IAR.o [1]
                                 - 0x2001c000   0x568

"P3":                                           0x208
  .sram_2nd_intvecs_unint
                          uninit   0x2001c000   0x208  FISH_STM32F4_IAR.o [1]
                                 - 0x2001c208   0x208

"A2":                                          0x2000
  CSTACK                           0x2001e000  0x2000  <Block>
    CSTACK                uninit   0x2001e000  0x2000  <Block tail>
                                 - 0x20020000  0x2000



*******************************************************************************
*** MODULE SUMMARY
***

    Module               ro code  rw data
    ------               -------  -------
C:\Users\Clyde W Phillips Jr\Desktop\FISHv4th-OEM\FISHv4th 205 PSTAT\Obj: [1]
    FISH_STM32F4_IAR.o    18 760   67 208
    main.o                    52
    startup_stm32f4xx.o      756
    -------------------------------------
    Total:                19 568   67 208

    Linker created                  8 192
-----------------------------------------
    Grand Total:          19 568   75 400


*******************************************************************************
*** ENTRY LIST
***

Entry                      Address  Size  Type      Object
-----                      -------  ----  ----      ------
CSTACK$$Base            0x2001e000         --   Gb  - Linker created -
CSTACK$$Limit           0x20020000         --   Gb  - Linker created -
C_CMSIS_DISABLE_IRQS    0x08004af5   0x4  Code  Gb  main.o [1]
C_CMSIS_ENABLE_IRQS     0x08004af9   0x4  Code  Gb  main.o [1]
FISH_return2c           0x08004588        Data  Gb  FISH_STM32F4_IAR.o [1]
FMx_SYSTICK_ISR         0x08000db1        Code  Gb  FISH_STM32F4_IAR.o [1]
HardFault_Handler       0x08004afd   0x8  Code  Wk  main.o [1]
NVIC_SystemReset        0x08004ad1  0x1a  Code  Lc  main.o [1]
STM32Fx_COLD_FISH       0x08000d57        Code  Gb  FISH_STM32F4_IAR.o [1]
__iar_program_start     0x08000d51        Code  Gb  FISH_STM32F4_IAR.o [1]
__iar_systems$$module {Abs}
                        0x00000001        Data  Gb  command line/config [2]
__vector_table          0x08000000        Data  Gb  startup_stm32f4xx.o [1]


[1] = C:\Users\Clyde W Phillips Jr\Desktop\FISHv4th-OEM\FISHv4th 205 PSTAT\Obj
[2] = command line

  19 568 bytes of readonly  code memory
  75 400 bytes of readwrite data memory

Errors: none
Warnings: none
