###############################################################################
#
# IAR ELF Linker V8.22.1.15669/W32 for ARM                20/Nov/2018  15:24:18
# Copyright 2007-2018 IAR Systems AB.
#
#    Output file  =  
#        C:\Users\Clyde W Phillips Jr\Desktop\FISHv4th-OEM\FISHv4th 205
#        PSTAT\Exe\FISH_STM32F205RC_STM_118mhz_FISHv4th-OEM.out
#    Map file     =  
#        C:\Users\Clyde W Phillips Jr\Desktop\FISHv4th-OEM\FISHv4th 205
#        PSTAT\List\FISH_STM32F205RC_STM_118mhz_FISHv4th-OEM.map
#    Command line =  
#        -f C:\Users\CLYDEW~1\AppData\Local\Temp\EWD2E7.tmp ("C:\Users\Clyde W
#        Phillips Jr\Desktop\FISHv4th-OEM\FISHv4th 205
#        PSTAT\Obj\FISH_STM32F4_IAR.o" "C:\Users\Clyde W Phillips
#        Jr\Desktop\FISHv4th-OEM\FISHv4th 205 PSTAT\Obj\Fixes in versions
#        comments.o" "C:\Users\Clyde W Phillips
#        Jr\Desktop\FISHv4th-OEM\FISHv4th 205 PSTAT\Obj\main.o" "C:\Users\Clyde
#        W Phillips Jr\Desktop\FISHv4th-OEM\FISHv4th 205
#        PSTAT\Obj\startup_stm32f4xx.o" -o "C:\Users\Clyde W Phillips
#        Jr\Desktop\FISHv4th-OEM\FISHv4th 205
#        PSTAT\Exe\FISH_STM32F205RC_STM_118mhz_FISHv4th-OEM.out" --redirect
#        _Printf=_PrintfFullNoMb --redirect _Scanf=_ScanfFullNoMb --map
#        "C:\Users\Clyde W Phillips Jr\Desktop\FISHv4th-OEM\FISHv4th 205
#        PSTAT\List\FISH_STM32F205RC_STM_118mhz_FISHv4th-OEM.map" --log
#        initialization,modules,sections --log_file "C:\Users\Clyde W Phillips
#        Jr\Desktop\FISHv4th-OEM\FISHv4th 205
#        PSTAT\List\FISH_STM32F205RC_STM_118mhz_FISHv4th-OEM.log" --config
#        "C:\Users\Clyde W Phillips Jr\Desktop\FISHv4th-OEM\stm32F205RC.icf"
#        --no_library_search --no_entry --vfe --text_out locale)
#
###############################################################################

*******************************************************************************
*** RUNTIME MODEL ATTRIBUTES
***

__SystemLibrary = DLib
__dlib_version  = 6


*******************************************************************************
*** PLACEMENT SUMMARY
***

"A0":  place at 0x08000000 { ro section .intvec };
"P1":  place in [from 0x08000000 to 0x0803ffff] { ro };
"P2":  place in [from 0x20000000 to 0x2001bfff] {
          section .sram_1rst_dict_stdio_bufs };
"A1":  place at end of [from 0x20000000 to 0x2001bfff] {
          section .tcm_pref_stacks_and_vars };
"P3":  place in [from 0x2001c000 to 0x2001ffff] {
          section .sram_2nd_intvecs_unint };
define block CSTACK with size = 8K, alignment = 8 { };
define block HEAP with size = 8K, alignment = 8 { };
"A2":  place at end of [from 0x2001c000 to 0x2001ffff] {
          block CSTACK, block HEAP };
do not initialize {
   rw, section .sram_1rst_dict_stdio_bufs, section .sram_2nd_intvecs_unint,
   section .tcm_pref_stacks_and_vars };

  Section                 Kind        Address    Size  Object
  -------                 ----        -------    ----  ------
"A0":                                           0x188
  .intvec                 ro code  0x08000000   0x188  startup_stm32f4xx.o [1]
                                 - 0x08000188   0x188

"P1":                                          0x4864
  .text                   ro code  0x08000188  0x46c4  FISH_STM32F4_IAR.o [1]
  .text                   ro code  0x0800484c    0x34  main.o [1]
  .text                   ro code  0x08004880     0x4  startup_stm32f4xx.o [1]
  .text                   ro code  0x08004884     0x4  startup_stm32f4xx.o [1]
  .text                   ro code  0x08004888     0x4  startup_stm32f4xx.o [1]
  .text                   ro code  0x0800488c     0x4  startup_stm32f4xx.o [1]
  .text                   ro code  0x08004890     0x4  startup_stm32f4xx.o [1]
  .text                   ro code  0x08004894     0x4  startup_stm32f4xx.o [1]
  .text                   ro code  0x08004898     0x4  startup_stm32f4xx.o [1]
  .text                   ro code  0x0800489c     0x4  startup_stm32f4xx.o [1]
  .text                   ro code  0x080048a0     0x4  startup_stm32f4xx.o [1]
  .text                   ro code  0x080048a4     0x4  startup_stm32f4xx.o [1]
  .text                   ro code  0x080048a8     0x4  startup_stm32f4xx.o [1]
  .text                   ro code  0x080048ac     0x4  startup_stm32f4xx.o [1]
  .text                   ro code  0x080048b0     0x4  startup_stm32f4xx.o [1]
  .text                   ro code  0x080048b4     0x4  startup_stm32f4xx.o [1]
  .text                   ro code  0x080048b8     0x4  startup_stm32f4xx.o [1]
  .text                   ro code  0x080048bc     0x4  startup_stm32f4xx.o [1]
  .text                   ro code  0x080048c0     0x4  startup_stm32f4xx.o [1]
  .text                   ro code  0x080048c4     0x4  startup_stm32f4xx.o [1]
  .text                   ro code  0x080048c8     0x4  startup_stm32f4xx.o [1]
  .text                   ro code  0x080048cc     0x4  startup_stm32f4xx.o [1]
  .text                   ro code  0x080048d0     0x4  startup_stm32f4xx.o [1]
  .text                   ro code  0x080048d4     0x4  startup_stm32f4xx.o [1]
  .text                   ro code  0x080048d8     0x4  startup_stm32f4xx.o [1]
  .text                   ro code  0x080048dc     0x4  startup_stm32f4xx.o [1]
  .text                   ro code  0x080048e0     0x4  startup_stm32f4xx.o [1]
  .text                   ro code  0x080048e4     0x4  startup_stm32f4xx.o [1]
  .text                   ro code  0x080048e8     0x4  startup_stm32f4xx.o [1]
  .text                   ro code  0x080048ec     0x4  startup_stm32f4xx.o [1]
  .text                   ro code  0x080048f0     0x4  startup_stm32f4xx.o [1]
  .text                   ro code  0x080048f4     0x4  startup_stm32f4xx.o [1]
  .text                   ro code  0x080048f8     0x4  startup_stm32f4xx.o [1]
  .text                   ro code  0x080048fc     0x4  startup_stm32f4xx.o [1]
  .text                   ro code  0x08004900     0x4  startup_stm32f4xx.o [1]
  .text                   ro code  0x08004904     0x4  startup_stm32f4xx.o [1]
  .text                   ro code  0x08004908     0x4  startup_stm32f4xx.o [1]
  .text                   ro code  0x0800490c     0x4  startup_stm32f4xx.o [1]
  .text                   ro code  0x08004910     0x4  startup_stm32f4xx.o [1]
  .text                   ro code  0x08004914     0x4  startup_stm32f4xx.o [1]
  .text                   ro code  0x08004918     0x4  startup_stm32f4xx.o [1]
  .text                   ro code  0x0800491c     0x4  startup_stm32f4xx.o [1]
  .text                   ro code  0x08004920     0x4  startup_stm32f4xx.o [1]
  .text                   ro code  0x08004924     0x4  startup_stm32f4xx.o [1]
  .text                   ro code  0x08004928     0x4  startup_stm32f4xx.o [1]
  .text                   ro code  0x0800492c     0x4  startup_stm32f4xx.o [1]
  .text                   ro code  0x08004930     0x4  startup_stm32f4xx.o [1]
  .text                   ro code  0x08004934     0x4  startup_stm32f4xx.o [1]
  .text                   ro code  0x08004938     0x4  startup_stm32f4xx.o [1]
  .text                   ro code  0x0800493c     0x4  startup_stm32f4xx.o [1]
  .text                   ro code  0x08004940     0x4  startup_stm32f4xx.o [1]
  .text                   ro code  0x08004944     0x4  startup_stm32f4xx.o [1]
  .text                   ro code  0x08004948     0x4  startup_stm32f4xx.o [1]
  .text                   ro code  0x0800494c     0x4  startup_stm32f4xx.o [1]
  .text                   ro code  0x08004950     0x4  startup_stm32f4xx.o [1]
  .text                   ro code  0x08004954     0x4  startup_stm32f4xx.o [1]
  .text                   ro code  0x08004958     0x4  startup_stm32f4xx.o [1]
  .text                   ro code  0x0800495c     0x4  startup_stm32f4xx.o [1]
  .text                   ro code  0x08004960     0x4  startup_stm32f4xx.o [1]
  .text                   ro code  0x08004964     0x4  startup_stm32f4xx.o [1]
  .text                   ro code  0x08004968     0x4  startup_stm32f4xx.o [1]
  .text                   ro code  0x0800496c     0x4  startup_stm32f4xx.o [1]
  .text                   ro code  0x08004970     0x4  startup_stm32f4xx.o [1]
  .text                   ro code  0x08004974     0x4  startup_stm32f4xx.o [1]
  .text                   ro code  0x08004978     0x4  startup_stm32f4xx.o [1]
  .text                   ro code  0x0800497c     0x4  startup_stm32f4xx.o [1]
  .text                   ro code  0x08004980     0x4  startup_stm32f4xx.o [1]
  .text                   ro code  0x08004984     0x4  startup_stm32f4xx.o [1]
  .text                   ro code  0x08004988     0x4  startup_stm32f4xx.o [1]
  .text                   ro code  0x0800498c     0x4  startup_stm32f4xx.o [1]
  .text                   ro code  0x08004990     0x4  startup_stm32f4xx.o [1]
  .text                   ro code  0x08004994     0x4  startup_stm32f4xx.o [1]
  .text                   ro code  0x08004998     0x4  startup_stm32f4xx.o [1]
  .text                   ro code  0x0800499c     0x4  startup_stm32f4xx.o [1]
  .text                   ro code  0x080049a0     0x4  startup_stm32f4xx.o [1]
  .text                   ro code  0x080049a4     0x4  startup_stm32f4xx.o [1]
  .text                   ro code  0x080049a8     0x4  startup_stm32f4xx.o [1]
  .text                   ro code  0x080049ac     0x4  startup_stm32f4xx.o [1]
  .text                   ro code  0x080049b0     0x4  startup_stm32f4xx.o [1]
  .text                   ro code  0x080049b4     0x4  startup_stm32f4xx.o [1]
  .text                   ro code  0x080049b8     0x4  startup_stm32f4xx.o [1]
  .text                   ro code  0x080049bc     0x4  startup_stm32f4xx.o [1]
  .text                   ro code  0x080049c0     0x4  startup_stm32f4xx.o [1]
  .text                   ro code  0x080049c4     0x4  startup_stm32f4xx.o [1]
  .text                   ro code  0x080049c8     0x4  startup_stm32f4xx.o [1]
  .text                   ro code  0x080049cc     0x4  startup_stm32f4xx.o [1]
  .text                   ro code  0x080049d0     0x4  startup_stm32f4xx.o [1]
  .text                   ro code  0x080049d4     0x4  startup_stm32f4xx.o [1]
  .text                   ro code  0x080049d8     0x4  startup_stm32f4xx.o [1]
  .text                   ro code  0x080049dc     0x4  startup_stm32f4xx.o [1]
  .text                   ro code  0x080049e0     0x4  startup_stm32f4xx.o [1]
  .text                   ro code  0x080049e4     0x4  startup_stm32f4xx.o [1]
  .text                   ro code  0x080049e8     0x4  startup_stm32f4xx.o [1]
                                 - 0x080049ec  0x4864

"P2":                                          0xff14
  .sram_1rst_dict_stdio_bufs
                          uninit   0x20000000  0xff14  FISH_STM32F4_IAR.o [1]
                                 - 0x2000ff14  0xff14

"A1":                                           0x568
  .tcm_pref_stacks_and_vars
                          uninit   0x2001ba98   0x568  FISH_STM32F4_IAR.o [1]
                                 - 0x2001c000   0x568

"P3":                                           0x208
  .sram_2nd_intvecs_unint
                          uninit   0x2001c000   0x208  FISH_STM32F4_IAR.o [1]
                                 - 0x2001c208   0x208

"A2":                                          0x2000
  CSTACK                           0x2001e000  0x2000  <Block>
    CSTACK                uninit   0x2001e000  0x2000  <Block tail>
                                 - 0x20020000  0x2000



*******************************************************************************
*** MODULE SUMMARY
***

    Module               ro code  rw data
    ------               -------  -------
C:\Users\Clyde W Phillips Jr\Desktop\FISHv4th-OEM\FISHv4th 205 PSTAT\Obj: [1]
    FISH_STM32F4_IAR.o    18 116   67 204
    main.o                    52
    startup_stm32f4xx.o      756
    -------------------------------------
    Total:                18 924   67 204

    Linker created                  8 192
-----------------------------------------
    Grand Total:          18 924   75 396


*******************************************************************************
*** ENTRY LIST
***

Entry                      Address  Size  Type      Object
-----                      -------  ----  ----      ------
CSTACK$$Base            0x2001e000         --   Gb  - Linker created -
CSTACK$$Limit           0x20020000         --   Gb  - Linker created -
C_CMSIS_DISABLE_IRQS    0x08004871   0x4  Code  Gb  main.o [1]
C_CMSIS_ENABLE_IRQS     0x08004875   0x4  Code  Gb  main.o [1]
FMx_SYSTICK_ISR         0x08000dc1        Code  Gb  FISH_STM32F4_IAR.o [1]
HardFault_Handler       0x08004879   0x8  Code  Wk  main.o [1]
NVIC_SystemReset        0x0800484d  0x1a  Code  Lc  main.o [1]
STM32Fx_COLD_FISH       0x08000d51        Code  Gb  FISH_STM32F4_IAR.o [1]
__iar_program_start     0x08000d51        Code  Gb  FISH_STM32F4_IAR.o [1]
__iar_systems$$module {Abs}
                        0x00000001        Data  Gb  command line/config [2]
__vector_table          0x08000000        Data  Gb  startup_stm32f4xx.o [1]


[1] = C:\Users\Clyde W Phillips Jr\Desktop\FISHv4th-OEM\FISHv4th 205 PSTAT\Obj
[2] = command line

  18 924 bytes of readonly  code memory
  75 396 bytes of readwrite data memory

Errors: none
Warnings: none
